Archive member included because of file (symbol)

C:\Users\Ian\Desktop\Firmata4CIAA_WS\freertos_lpc43xx\Debug\libfreertos_lpc43xx.a(queue.o)
                              ./src/UART_DRIVER.o (xQueueGenericCreate)
C:\Users\Ian\Desktop\Firmata4CIAA_WS\freertos_lpc43xx\Debug\libfreertos_lpc43xx.a(tasks.o)
                              ./src/main.o (xTaskGenericCreate)
C:\Users\Ian\Desktop\Firmata4CIAA_WS\freertos_lpc43xx\Debug\libfreertos_lpc43xx.a(FreeRTOSCommonHooks.o)
                              C:\Users\Ian\Desktop\Firmata4CIAA_WS\freertos_lpc43xx\Debug\libfreertos_lpc43xx.a(tasks.o) (vApplicationIdleHook)
C:\Users\Ian\Desktop\Firmata4CIAA_WS\freertos_lpc43xx\Debug\libfreertos_lpc43xx.a(heap_2.o)
                              C:\Users\Ian\Desktop\Firmata4CIAA_WS\freertos_lpc43xx\Debug\libfreertos_lpc43xx.a(queue.o) (pvPortMalloc)
C:\Users\Ian\Desktop\Firmata4CIAA_WS\freertos_lpc43xx\Debug\libfreertos_lpc43xx.a(list.o)
                              C:\Users\Ian\Desktop\Firmata4CIAA_WS\freertos_lpc43xx\Debug\libfreertos_lpc43xx.a(queue.o) (vListInitialise)
C:\Users\Ian\Desktop\Firmata4CIAA_WS\freertos_lpc43xx\Debug\libfreertos_lpc43xx.a(port.o)
                              C:\Users\Ian\Desktop\Firmata4CIAA_WS\freertos_lpc43xx\Debug\libfreertos_lpc43xx.a(tasks.o) (pxPortInitialiseStack)
C:\Users\Ian\Desktop\Firmata4CIAA_WS\lpcopen_lpc4337\Debug\liblpcopen_lpc4337.a(adc_18xx_43xx.o)
                              ./src/HAL.o (Chip_ADC_Init)
C:\Users\Ian\Desktop\Firmata4CIAA_WS\lpcopen_lpc4337\Debug\liblpcopen_lpc4337.a(chip_18xx_43xx.o)
                              C:\Users\Ian\Desktop\Firmata4CIAA_WS\freertos_lpc43xx\Debug\libfreertos_lpc43xx.a(port.o) (SystemCoreClock)
C:\Users\Ian\Desktop\Firmata4CIAA_WS\lpcopen_lpc4337\Debug\liblpcopen_lpc4337.a(clock_18xx_43xx.o)
                              C:\Users\Ian\Desktop\Firmata4CIAA_WS\lpcopen_lpc4337\Debug\liblpcopen_lpc4337.a(chip_18xx_43xx.o) (Chip_Clock_GetClockInputHz)
C:\Users\Ian\Desktop\Firmata4CIAA_WS\lpcopen_lpc4337\Debug\liblpcopen_lpc4337.a(cr_startup_lpc43xx.o)
                              (ResetISR)
C:\Users\Ian\Desktop\Firmata4CIAA_WS\lpcopen_lpc4337\Debug\liblpcopen_lpc4337.a(gpio_18xx_43xx.o)
                              ./src/HAL.o (Chip_GPIO_Init)
C:\Users\Ian\Desktop\Firmata4CIAA_WS\lpcopen_lpc4337\Debug\liblpcopen_lpc4337.a(rgu_18xx_43xx.o)
                              ./src/TIMER_DRIVER.o (Chip_RGU_TriggerReset)
C:\Users\Ian\Desktop\Firmata4CIAA_WS\lpcopen_lpc4337\Debug\liblpcopen_lpc4337.a(sct_18xx_43xx.o)
                              ./src/HAL.o (Chip_SCT_Init)
C:\Users\Ian\Desktop\Firmata4CIAA_WS\lpcopen_lpc4337\Debug\liblpcopen_lpc4337.a(sct_pwm_18xx_43xx.o)
                              ./src/HAL.o (Chip_SCTPWM_SetOutPin)
C:\Users\Ian\Desktop\Firmata4CIAA_WS\lpcopen_lpc4337\Debug\liblpcopen_lpc4337.a(sysinit.o)
                              C:\Users\Ian\Desktop\Firmata4CIAA_WS\lpcopen_lpc4337\Debug\liblpcopen_lpc4337.a(cr_startup_lpc43xx.o) (SystemInit)
C:\Users\Ian\Desktop\Firmata4CIAA_WS\lpcopen_lpc4337\Debug\liblpcopen_lpc4337.a(timer_18xx_43xx.o)
                              ./src/TIMER_DRIVER.o (Chip_TIMER_Init)
C:\Users\Ian\Desktop\Firmata4CIAA_WS\lpcopen_lpc4337\Debug\liblpcopen_lpc4337.a(uart_18xx_43xx.o)
                              ./src/UART_DRIVER.o (Chip_UART_Init)
C:\Users\Ian\Desktop\Firmata4CIAA_WS\lpcopen_lpc4337\Debug\liblpcopen_lpc4337.a(board.o)
                              C:\Users\Ian\Desktop\Firmata4CIAA_WS\lpcopen_lpc4337\Debug\liblpcopen_lpc4337.a(clock_18xx_43xx.o) (ExtRateIn)
C:\Users\Ian\Desktop\Firmata4CIAA_WS\lpcopen_lpc4337\Debug\liblpcopen_lpc4337.a(board_sysinit.o)
                              C:\Users\Ian\Desktop\Firmata4CIAA_WS\lpcopen_lpc4337\Debug\liblpcopen_lpc4337.a(sysinit.o) (Board_SystemInit)
C:\Users\Ian\Desktop\Firmata4CIAA_WS\lpcopen_lpc4337\Debug\liblpcopen_lpc4337.a(fpu_init.o)
                              C:\Users\Ian\Desktop\Firmata4CIAA_WS\lpcopen_lpc4337\Debug\liblpcopen_lpc4337.a(sysinit.o) (fpuInit)
C:\Users\Ian\Desktop\Firmata4CIAA_WS\lpcopen_lpc4337\Debug\liblpcopen_lpc4337.a(i2s_18xx_43xx.o)
                              C:\Users\Ian\Desktop\Firmata4CIAA_WS\lpcopen_lpc4337\Debug\liblpcopen_lpc4337.a(board.o) (Chip_I2S_Init)
C:\Users\Ian\Desktop\Firmata4CIAA_WS\lpcopen_lpc4337\Debug\liblpcopen_lpc4337.a(ring_buffer.o)
                              C:\Users\Ian\Desktop\Firmata4CIAA_WS\lpcopen_lpc4337\Debug\liblpcopen_lpc4337.a(uart_18xx_43xx.o) (RingBuffer_Insert)
C:\Users\Ian\Desktop\Firmata4CIAA_WS\lpcopen_lpc4337\Debug\liblpcopen_lpc4337.a(sysinit_18xx_43xx.o)
                              C:\Users\Ian\Desktop\Firmata4CIAA_WS\lpcopen_lpc4337\Debug\liblpcopen_lpc4337.a(board_sysinit.o) (Chip_SetupCoreClock)
C:\Users\Ian\Desktop\Firmata4CIAA_WS\lpcopen_lpc4337\Debug\liblpcopen_lpc4337.a(uda1380.o)
[...]
Memory Configuration

Name             Origin             Length             Attributes
MFlashA512       0x1a000000         0x00080000         xr
MFlashB512       0x1b000000         0x00080000         xr
RamLoc32         0x10000000         0x00008000         xrw
RamLoc40         0x10080000         0x0000a000         xrw
RamAHB32         0x20000000         0x00008000         xrw
RamAHB16         0x20008000         0x00004000         xrw
RamAHB_ETB16     0x2000c000         0x00004000         xrw
*default*        0x00000000         0xffffffff

Linker script and memory map

LOAD c:/ciaa/cygwin/usr/arm-none-eabi/bin/../lib/gcc/arm-none-eabi/4.8.4/armv7e-m/softfp/crti.o
LOAD c:/ciaa/cygwin/usr/arm-none-eabi/bin/../lib/gcc/arm-none-eabi/4.8.4/armv7e-m/softfp/crtbegin.o
LOAD c:/ciaa/cygwin/usr/arm-none-eabi/bin/../lib/gcc/arm-none-eabi/4.8.4/../../../../arm-none-eabi/lib/armv7e-m/softfp/crt0.o
LOAD ./src/FIRMATA.o
LOAD ./src/HAL.o
LOAD ./src/SERVO_DRIVER.o
LOAD ./src/TIMER_DRIVER.o
LOAD ./src/UART_DRIVER.o
LOAD ./src/main.o
LOAD C:\Users\Ian\Desktop\Firmata4CIAA_WS\freertos_lpc43xx\Debug\libfreertos_lpc43xx.a
LOAD C:\Users\Ian\Desktop\Firmata4CIAA_WS\lpcopen_lpc4337\Debug\liblpcopen_lpc4337.a
START GROUP
LOAD c:/ciaa/cygwin/usr/arm-none-eabi/bin/../lib/gcc/arm-none-eabi/4.8.4/armv7e-m/softfp\libgcc.a
LOAD c:/ciaa/cygwin/usr/arm-none-eabi/bin/../lib/gcc/arm-none-eabi/4.8.4/../../../../arm-none-eabi/lib/armv7e-m/softfp\libg_s.a
LOAD c:/ciaa/cygwin/usr/arm-none-eabi/bin/../lib/gcc/arm-none-eabi/4.8.4/../../../../arm-none-eabi/lib/armv7e-m/softfp\libc_s.a
END GROUP
START GROUP
LOAD c:/ciaa/cygwin/usr/arm-none-eabi/bin/../lib/gcc/arm-none-eabi/4.8.4/armv7e-m/softfp\libgcc.a
LOAD c:/ciaa/cygwin/usr/arm-none-eabi/bin/../lib/gcc/arm-none-eabi/4.8.4/../../../../arm-none-eabi/lib/armv7e-m/softfp\libc_s.a
END GROUP
LOAD c:/ciaa/cygwin/usr/arm-none-eabi/bin/../lib/gcc/arm-none-eabi/4.8.4/armv7e-m/softfp/crtend.o
LOAD c:/ciaa/cygwin/usr/arm-none-eabi/bin/../lib/gcc/arm-none-eabi/4.8.4/armv7e-m/softfp/crtn.o
START GROUP
LOAD c:/ciaa/cygwin/usr/arm-none-eabi/bin/../lib/gcc/arm-none-eabi/4.8.4/armv7e-m/softfp\libgcc.a
LOAD c:/ciaa/cygwin/usr/arm-none-eabi/bin/../lib/gcc/arm-none-eabi/4.8.4/../../../../arm-none-eabi/lib/armv7e-m/softfp\libc.a
LOAD c:/ciaa/cygwin/usr/arm-none-eabi/bin/../lib/gcc/arm-none-eabi/4.8.4/../../../../arm-none-eabi/lib/armv7e-m/softfp\libm.a
END GROUP
                0x1a080000                __top_MFlashA512 = 0x1a080000
                0x1b080000                __top_MFlashB512 = 0x1b080000
                0x10008000                __top_RamLoc32 = 0x10008000
                0x1008a000                __top_RamLoc40 = 0x1008a000
                0x20008000                __top_RamAHB32 = 0x20008000
                0x2000c000                __top_RamAHB16 = 0x2000c000
                0x20010000                __top_RamAHB_ETB16 = 0x20010000

.text_Flash2    0x1b000000        0x0
 FILL mask 0xff
 *(.text_Flash2*)
 *(.text_MFlashB512*)
 *(.text.$Flash2*)
 *(.text.$MFlashB512*)
 *(.rodata.$Flash2*)
 *(.rodata.$MFlashB512*)

.text           0x1a000000     0x4ff0
 FILL mask 0xff
                0x1a000000                __vectors_start__ = ABSOLUTE (.)
 *(.isr_vector)
 .isr_vector    0x1a000000      0x114 C:\Users\Ian\Desktop\Firmata4CIAA_WS\lpcopen_lpc4337\Debug\liblpcopen_lpc4337.a(cr_startup_lpc43xx.o)
                0x1a000000                g_pfnVectors
                0x1a000114                . = ALIGN (0x4)
                0x1a000114                __section_table_start = .
                0x1a000114                __data_section_table = .
                0x1a000114        0x4 LONG 0x1a004ff0 LOADADDR (.data)
                0x1a000118        0x4 LONG 0x10000000 ADDR (.data)
                0x1a00011c        0x4 LONG 0x5e8 SIZEOF (.data)
                0x1a000120        0x4 LONG 0x1a004ff0 LOADADDR (.data_RAM2)
                0x1a000124        0x4 LONG 0x10080000 ADDR (.data_RAM2)
                0x1a000128        0x4 LONG 0x0 SIZEOF (.data_RAM2)
                0x1a00012c        0x4 LONG 0x1a004ff0 LOADADDR (.data_RAM3)
                0x1a000130        0x4 LONG 0x20000000 ADDR (.data_RAM3)
                0x1a000134        0x4 LONG 0x0 SIZEOF (.data_RAM3)
                0x1a000138        0x4 LONG 0x1a004ff0 LOADADDR (.data_RAM4)
                0x1a00013c        0x4 LONG 0x20008000 ADDR (.data_RAM4)
                0x1a000140        0x4 LONG 0x0 SIZEOF (.data_RAM4)
                0x1a000144        0x4 LONG 0x1a004ff0 LOADADDR (.data_RAM5)
                0x1a000148        0x4 LONG 0x2000c000 ADDR (.data_RAM5)
                0x1a00014c        0x4 LONG 0x0 SIZEOF (.data_RAM5)
                0x1a000150                __data_section_table_end = .
                0x1a000150                __bss_section_table = .
                0x1a000150        0x4 LONG 0x100005e8 ADDR (.bss)
                0x1a000154        0x4 LONG 0x116c SIZEOF (.bss)
                0x1a000158        0x4 LONG 0x10080000 ADDR (.bss_RAM2)
                0x1a00015c        0x4 LONG 0x0 SIZEOF (.bss_RAM2)
                0x1a000160        0x4 LONG 0x20000000 ADDR (.bss_RAM3)
                0x1a000164        0x4 LONG 0x0 SIZEOF (.bss_RAM3)
                0x1a000168        0x4 LONG 0x20008000 ADDR (.bss_RAM4)
                0x1a00016c        0x4 LONG 0x0 SIZEOF (.bss_RAM4)
                0x1a000170        0x4 LONG 0x2000c000 ADDR (.bss_RAM5)
                0x1a000174        0x4 LONG 0x0 SIZEOF (.bss_RAM5)
                0x1a000178                __bss_section_table_end = .
                0x1a000178                __section_table_end = .
 *(.after_vectors*)
 .after_vectors
                0x1a000178       0xbc C:\Users\Ian\Desktop\Firmata4CIAA_WS\lpcopen_lpc4337\Debug\liblpcopen_lpc4337.a(cr_startup_lpc43xx.o)
                0x1a000178                data_init
                0x1a0001bc                bss_init
                0x1a0001f4                NMI_Handler
                0x1a0001fc                HardFault_Handler
                0x1a000204                MemManage_Handler
                0x1a00020c                BusFault_Handler
                0x1a000214                UsageFault_Handler
                0x1a000224                DebugMon_Handler
                0x1a00022c                I2C1_IRQHandler
                0x1a00022c                UART1_IRQHandler
                0x1a00022c                GPIO5_IRQHandler
                0x1a00022c                CAN1_IRQHandler
                0x1a00022c                USB1_IRQHandler
                0x1a00022c                I2S0_IRQHandler
                0x1a00022c                UART0_IRQHandler
                0x1a00022c                ATIMER_IRQHandler
                0x1a00022c                SGPIO_IRQHandler
                0x1a00022c                ADC0_IRQHandler
                0x1a00022c                SDIO_IRQHandler
                0x1a00022c                GPIO6_IRQHandler
                0x1a00022c                IntDefaultHandler
                0x1a00022c                GPIO1_IRQHandler
                0x1a00022c                SSP0_IRQHandler
                0x1a00022c                ADC1_IRQHandler
                0x1a00022c                FLASHEEPROM_IRQHandler
                0x1a00022c                I2C0_IRQHandler
                0x1a00022c                SPI_IRQHandler
                0x1a00022c                LCD_IRQHandler
                0x1a00022c                ADCHS_IRQHandler
                0x1a00022c                GPIO2_IRQHandler
                0x1a00022c                I2S1_IRQHandler
                0x1a00022c                SSP1_IRQHandler
                0x1a00022c                USB0_IRQHandler
                0x1a00022c                GPIO3_IRQHandler
                0x1a00022c                SCT_IRQHandler
                0x1a00022c                RIT_IRQHandler
                0x1a00022c                MX_CORE_IRQHandler
                0x1a00022c                WDT_IRQHandler
                0x1a00022c                GPIO7_IRQHandler
                0x1a00022c                SPIFI_IRQHandler
                0x1a00022c                QEI_IRQHandler
                0x1a00022c                ETH_IRQHandler
                0x1a00022c                CAN0_IRQHandler
                0x1a00022c                GINT0_IRQHandler
                0x1a00022c                DAC_IRQHandler
                0x1a00022c                M0SUB_IRQHandler
                0x1a00022c                GPIO0_IRQHandler
                0x1a00022c                DMA_IRQHandler
                0x1a00022c                EVRT_IRQHandler
                0x1a00022c                RTC_IRQHandler
                0x1a00022c                UART3_IRQHandler
                0x1a00022c                MCPWM_IRQHandler
                0x1a00022c                GINT1_IRQHandler
                0x1a00022c                GPIO4_IRQHandler
                0x000002fc                . = 0x2fc
 *fill*         0x1a000234       0xc8 ff
                0x1a0002fc                PROVIDE (__CRP_WORD_START__, .)
 *(.crp)
 .crp           0x1a0002fc        0x4 C:\Users\Ian\Desktop\Firmata4CIAA_WS\lpcopen_lpc4337\Debug\liblpcopen_lpc4337.a(cr_startup_lpc43xx.o)
                0x1a0002fc                CRP_WORD
                0x1a000300                PROVIDE (__CRP_WORD_END__, .)
                0x00000001                ASSERT (! ((__CRP_WORD_START__ == __CRP_WORD_END__)), Linker CRP Enabled, but no CRP_WORD provided within application)
 *(.text*)
 .text.startSysex
                0x1a000300        0xc ./src/FIRMATA.o
                0x1a000300                startSysex
 .text.endSysex
                0x1a00030c        0xc ./src/FIRMATA.o
                0x1a00030c                endSysex
 .text.printFirmwareVersion
                0x1a000318       0x2c ./src/FIRMATA.o
                0x1a000318                printFirmwareVersion
 .text.printVersion
                0x1a000344       0x18 ./src/FIRMATA.o
                0x1a000344                printVersion
 .text.printAnalogMappingResponse
                0x1a00035c       0x54 ./src/FIRMATA.o
                0x1a00035c                printAnalogMappingResponse
 .text.printCapabilityResponse
                0x1a0003b0       0xb8 ./src/FIRMATA.o
                0x1a0003b0                printCapabilityResponse
 .text.printPinStateResponse
                0x1a000468       0x74 ./src/FIRMATA.o
                0x1a000468                printPinStateResponse
 .text.sendValueAsTwo7bitBytes
                0x1a0004dc       0x34 ./src/FIRMATA.o
 .text.dataMessagesTo8bitsByte
                0x1a000510       0x30 ./src/FIRMATA.o
                0x1a000510                dataMessagesTo8bitsByte
 .text.sendAnalogInputs
                0x1a000540       0x64 ./src/FIRMATA.o
 .text.sendDigitalInputs
                0x1a0005a4       0x64 ./src/FIRMATA.o
 .text.FIRMATA_InputsUpdateTask
                0x1a000608       0x28 ./src/FIRMATA.o
                0x1a000608                FIRMATA_InputsUpdateTask
 .text.FIRMATA_UpdateTask
                0x1a000630      0x25c ./src/FIRMATA.o
                0x1a000630                FIRMATA_UpdateTask
 .text.Chip_SCU_PinMuxSet
                0x1a00088c       0x30 ./src/HAL.o
 .text.Chip_SCU_PinMux
                0x1a0008bc       0x2c ./src/HAL.o
 .text.Chip_GPIO_SetPinState
                0x1a0008e8       0x28 ./src/HAL.o
 .text.Chip_GPIO_GetPinState
                0x1a000910       0x38 ./src/HAL.o
 .text.Chip_GPIO_GetPinDIR
                0x1a000948       0x3c ./src/HAL.o
 .text.Chip_SCT_ClearControl
                0x1a000984       0x24 ./src/HAL.o
 .text.Chip_SCT_SetMatchReload
                0x1a0009a8       0x24 ./src/HAL.o
 .text.Chip_SCTPWM_GetTicksPerCycle
                0x1a0009cc       0x1c ./src/HAL.o
 .text.Chip_SCTPWM_PercentageToTicks
                0x1a0009e8       0x30 ./src/HAL.o
 .text.Chip_SCTPWM_SetDutyCycle
                0x1a000a18       0x20 ./src/HAL.o
 .text.Chip_SCTPWM_Init
                0x1a000a38       0x14 ./src/HAL.o
 .text.Chip_SCTPWM_Start
                0x1a000a4c       0x18 ./src/HAL.o
 .text.analogPinsInit
                0x1a000a64       0x60 ./src/HAL.o
 .text.digitalPinsInit
                0x1a000ac4       0xb0 ./src/HAL.o
 .text.pwmInit  0x1a000b74       0x24 ./src/HAL.o
                0x1a000b74                pwmInit
 .text.servoInit
                0x1a000b98        0xc ./src/HAL.o
                0x1a000b98                servoInit
 .text.HAL_Init
                0x1a000ba4       0x24 ./src/HAL.o
                0x1a000ba4                HAL_Init
 .text.HAL_CheckPin
                0x1a000bc8       0x4c ./src/HAL.o
                0x1a000bc8                HAL_CheckPin
 .text.HAL_CheckPinPWMFunc
                0x1a000c14       0x34 ./src/HAL.o
                0x1a000c14                HAL_CheckPinPWMFunc
 .text.HAL_SetOutput
                0x1a000c48       0x60 ./src/HAL.o
                0x1a000c48                HAL_SetOutput
 .text.HAL_ChangePinMode
                0x1a000ca8      0x1a4 ./src/HAL.o
                0x1a000ca8                HAL_ChangePinMode
 .text.HAL_SetPWM
                0x1a000e4c       0x88 ./src/HAL.o
                0x1a000e4c                HAL_SetPWM
 .text.HAL_GetPinState
                0x1a000ed4       0x58 ./src/HAL.o
                0x1a000ed4                HAL_GetPinState
 .text.HAL_GetPort
                0x1a000f2c       0xa0 ./src/HAL.o
                0x1a000f2c                HAL_GetPort
 .text.HAL_GetAnalogPin
                0x1a000fcc       0x9c ./src/HAL.o
                0x1a000fcc                HAL_GetAnalogPin
 .text.HAL_SetPort
                0x1a001068       0x48 ./src/HAL.o
                0x1a001068                HAL_SetPort
 .text.angleToMicroseconds
                0x1a0010b0       0x38 ./src/SERVO_DRIVER.o
                0x1a0010b0                angleToMicroseconds
 .text.timer1CompareMatch0func
                0x1a0010e8       0x7c ./src/SERVO_DRIVER.o
                0x1a0010e8                timer1CompareMatch0func
 .text.timer1CompareMatch1func
                0x1a001164       0x18 ./src/SERVO_DRIVER.o
                0x1a001164                timer1CompareMatch1func
 .text.timer1CompareMatch2func
                0x1a00117c       0x18 ./src/SERVO_DRIVER.o
                0x1a00117c                timer1CompareMatch2func
 .text.timer1CompareMatch3func
                0x1a001194       0x18 ./src/SERVO_DRIVER.o
                0x1a001194                timer1CompareMatch3func
 .text.timer2CompareMatch0func
                0x1a0011ac       0x7c ./src/SERVO_DRIVER.o
                0x1a0011ac                timer2CompareMatch0func
 .text.timer2CompareMatch1func
                0x1a001228       0x18 ./src/SERVO_DRIVER.o
                0x1a001228                timer2CompareMatch1func
 .text.timer2CompareMatch2func
                0x1a001240       0x18 ./src/SERVO_DRIVER.o
                0x1a001240                timer2CompareMatch2func
 .text.timer2CompareMatch3func
                0x1a001258       0x18 ./src/SERVO_DRIVER.o
                0x1a001258                timer2CompareMatch3func
 .text.timer3CompareMatch0func
                0x1a001270       0x7c ./src/SERVO_DRIVER.o
                0x1a001270                timer3CompareMatch0func
 .text.timer3CompareMatch1func
                0x1a0012ec       0x18 ./src/SERVO_DRIVER.o
                0x1a0012ec                timer3CompareMatch1func
 .text.timer3CompareMatch2func
                0x1a001304       0x18 ./src/SERVO_DRIVER.o
                0x1a001304                timer3CompareMatch2func
 .text.timer3CompareMatch3func
                0x1a00131c       0x18 ./src/SERVO_DRIVER.o
                0x1a00131c                timer3CompareMatch3func
 .text.servoConfig
                0x1a001334       0x50 ./src/SERVO_DRIVER.o
                0x1a001334                servoConfig
 .text.servoAttach
                0x1a001384       0x9c ./src/SERVO_DRIVER.o
                0x1a001384                servoAttach
 .text.isServoAttached
                0x1a001420       0x54 ./src/SERVO_DRIVER.o
                0x1a001420                isServoAttached
 .text.servoDetach
                0x1a001474       0x70 ./src/SERVO_DRIVER.o
                0x1a001474                servoDetach
 .text.servoWrite
                0x1a0014e4       0x48 ./src/SERVO_DRIVER.o
                0x1a0014e4                servoWrite
 .text.NVIC_EnableIRQ
                0x1a00152c       0x30 ./src/TIMER_DRIVER.o
 .text.NVIC_ClearPendingIRQ
                0x1a00155c       0x34 ./src/TIMER_DRIVER.o
 .text.NVIC_SetPriority
                0x1a001590       0x54 ./src/TIMER_DRIVER.o
 .text.Chip_TIMER_MatchPending
                0x1a0015e4       0x34 ./src/TIMER_DRIVER.o
 .text.Chip_TIMER_ClearMatch
                0x1a001618       0x28 ./src/TIMER_DRIVER.o
 .text.Chip_TIMER_Enable
                0x1a001640       0x20 ./src/TIMER_DRIVER.o
 .text.Chip_TIMER_SetMatch
                0x1a001660       0x28 ./src/TIMER_DRIVER.o
 .text.Chip_TIMER_MatchEnableInt
                0x1a001688       0x34 ./src/TIMER_DRIVER.o
 .text.Chip_TIMER_MatchDisableInt
                0x1a0016bc       0x34 ./src/TIMER_DRIVER.o
 .text.Chip_TIMER_ResetOnMatchEnable
                0x1a0016f0       0x34 ./src/TIMER_DRIVER.o
 .text.errorOcurred
                0x1a001724        0x8 ./src/TIMER_DRIVER.o
 .text.doNothing
                0x1a00172c        0xc ./src/TIMER_DRIVER.o
 .text.TIMER0_IRQHandler
                0x1a001738       0x58 ./src/TIMER_DRIVER.o
                0x1a001738                TIMER0_IRQHandler
 .text.TIMER1_IRQHandler
                0x1a001790       0x58 ./src/TIMER_DRIVER.o
                0x1a001790                TIMER1_IRQHandler
 .text.TIMER2_IRQHandler
                0x1a0017e8       0x58 ./src/TIMER_DRIVER.o
                0x1a0017e8                TIMER2_IRQHandler
 .text.TIMER3_IRQHandler
                0x1a001840       0x54 ./src/TIMER_DRIVER.o
                0x1a001840                TIMER3_IRQHandler
 .text.TIMER_DRIVER_InitTimer
                0x1a001894      0x14c ./src/TIMER_DRIVER.o
                0x1a001894                TIMER_DRIVER_InitTimer
 .text.TIMER_DRIVER_microsecondsToTicks
                0x1a0019e0       0x1c ./src/TIMER_DRIVER.o
                0x1a0019e0                TIMER_DRIVER_microsecondsToTicks
 .text.TIMER_DRIVER_EnableCompareMatchOnTimer
                0x1a0019fc       0x6c ./src/TIMER_DRIVER.o
                0x1a0019fc                TIMER_DRIVER_EnableCompareMatchOnTimer
 .text.TIMER_DRIVER_DisableCompareMatchOnTimer
                0x1a001a68       0x68 ./src/TIMER_DRIVER.o
                0x1a001a68                TIMER_DRIVER_DisableCompareMatchOnTimer
 .text.TIMER_DRIVER_SetTimerMatch
                0x1a001ad0       0x38 ./src/TIMER_DRIVER.o
                0x1a001ad0                TIMER_DRIVER_SetTimerMatch
 .text.NVIC_EnableIRQ
                0x1a001b08       0x30 ./src/UART_DRIVER.o
 .text.NVIC_SetPriority
                0x1a001b38       0x54 ./src/UART_DRIVER.o
 .text.Chip_SCU_PinMuxSet
                0x1a001b8c       0x30 ./src/UART_DRIVER.o
 .text.Chip_SCU_PinMux
                0x1a001bbc       0x2c ./src/UART_DRIVER.o
 .text.Chip_UART_TXEnable
                0x1a001be8       0x18 ./src/UART_DRIVER.o
 .text.Chip_UART_SendByte
                0x1a001c00       0x1c ./src/UART_DRIVER.o
 .text.Chip_UART_ReadByte
                0x1a001c1c       0x1c ./src/UART_DRIVER.o
 .text.Chip_UART_IntEnable
                0x1a001c38       0x20 ./src/UART_DRIVER.o
 .text.Chip_UART_SetupFIFOS
                0x1a001c58       0x1c ./src/UART_DRIVER.o
 .text.Chip_UART_ReadLineStatus
                0x1a001c74       0x18 ./src/UART_DRIVER.o
 .text.UART2_INIT
                0x1a001c8c       0x20 ./src/UART_DRIVER.o
                0x1a001c8c                UART2_INIT
 .text.UART2_IRQHandler
                0x1a001cac       0x48 ./src/UART_DRIVER.o
                0x1a001cac                UART2_IRQHandler
 .text.UART_DRIVER_SendByte
                0x1a001cf4       0x28 ./src/UART_DRIVER.o
                0x1a001cf4                UART_DRIVER_SendByte
 .text.UART_DRIVER_SendString
                0x1a001d1c       0x38 ./src/UART_DRIVER.o
                0x1a001d1c                UART_DRIVER_SendString
 .text.UART_DRIVER_ReceiveByte
                0x1a001d54       0x28 ./src/UART_DRIVER.o
                0x1a001d54                UART_DRIVER_ReceiveByte
 .text.UART_DRIVER_TxGatekeeperTask
                0x1a001d7c       0x44 ./src/UART_DRIVER.o
                0x1a001d7c                UART_DRIVER_TxGatekeeperTask
 .text.UART_DRIVER_Init
                0x1a001dc0       0x6c ./src/UART_DRIVER.o
                0x1a001dc0                UART_DRIVER_Init
 .text.main     0x1a001e2c       0x80 ./src/main.o
                0x1a001e2c                main
 .text.xQueueGenericReset
                0x1a001eac       0xb0 C:\Users\Ian\Desktop\Firmata4CIAA_WS\freertos_lpc43xx\Debug\libfreertos_lpc43xx.a(queue.o)
                0x1a001eac                xQueueGenericReset
 .text.xQueueGenericCreate
                0x1a001f5c       0x7c C:\Users\Ian\Desktop\Firmata4CIAA_WS\freertos_lpc43xx\Debug\libfreertos_lpc43xx.a(queue.o)
                0x1a001f5c                xQueueGenericCreate
 .text.xQueueGenericSend
                0x1a001fd8      0x160 C:\Users\Ian\Desktop\Firmata4CIAA_WS\freertos_lpc43xx\Debug\libfreertos_lpc43xx.a(queue.o)
                0x1a001fd8                xQueueGenericSend
 .text.xQueueGenericSendFromISR
                0x1a002138       0xd4 C:\Users\Ian\Desktop\Firmata4CIAA_WS\freertos_lpc43xx\Debug\libfreertos_lpc43xx.a(queue.o)
                0x1a002138                xQueueGenericSendFromISR
 .text.xQueueGenericReceive
                0x1a00220c      0x19c C:\Users\Ian\Desktop\Firmata4CIAA_WS\freertos_lpc43xx\Debug\libfreertos_lpc43xx.a(queue.o)
                0x1a00220c                xQueueGenericReceive
 .text.prvCopyDataToQueue
                0x1a0023a8       0xd0 C:\Users\Ian\Desktop\Firmata4CIAA_WS\freertos_lpc43xx\Debug\libfreertos_lpc43xx.a(queue.o)
 .text.prvCopyDataFromQueue
                0x1a002478       0x4c C:\Users\Ian\Desktop\Firmata4CIAA_WS\freertos_lpc43xx\Debug\libfreertos_lpc43xx.a(queue.o)
 .text.prvUnlockQueue
                0x1a0024c4       0x98 C:\Users\Ian\Desktop\Firmata4CIAA_WS\freertos_lpc43xx\Debug\libfreertos_lpc43xx.a(queue.o)
 .text.prvIsQueueEmpty
                0x1a00255c       0x2c C:\Users\Ian\Desktop\Firmata4CIAA_WS\freertos_lpc43xx\Debug\libfreertos_lpc43xx.a(queue.o)
 .text.prvIsQueueFull
                0x1a002588       0x30 C:\Users\Ian\Desktop\Firmata4CIAA_WS\freertos_lpc43xx\Debug\libfreertos_lpc43xx.a(queue.o)
 .text.xTaskGenericCreate
                0x1a0025b8      0x160 C:\Users\Ian\Desktop\Firmata4CIAA_WS\freertos_lpc43xx\Debug\libfreertos_lpc43xx.a(tasks.o)
                0x1a0025b8                xTaskGenericCreate
 .text.vTaskDelayUntil
                0x1a002718       0xc0 C:\Users\Ian\Desktop\Firmata4CIAA_WS\freertos_lpc43xx\Debug\libfreertos_lpc43xx.a(tasks.o)
                0x1a002718                vTaskDelayUntil
 .text.vTaskStartScheduler
                0x1a0027d8       0x64 C:\Users\Ian\Desktop\Firmata4CIAA_WS\freertos_lpc43xx\Debug\libfreertos_lpc43xx.a(tasks.o)
                0x1a0027d8                vTaskStartScheduler
 .text.vTaskSuspendAll
                0x1a00283c       0x1c C:\Users\Ian\Desktop\Firmata4CIAA_WS\freertos_lpc43xx\Debug\libfreertos_lpc43xx.a(tasks.o)
                0x1a00283c                vTaskSuspendAll
 .text.xTaskResumeAll
                0x1a002858      0x10c C:\Users\Ian\Desktop\Firmata4CIAA_WS\freertos_lpc43xx\Debug\libfreertos_lpc43xx.a(tasks.o)
                0x1a002858                xTaskResumeAll
 .text.xTaskGetTickCount
                0x1a002964       0x24 C:\Users\Ian\Desktop\Firmata4CIAA_WS\freertos_lpc43xx\Debug\libfreertos_lpc43xx.a(tasks.o)
                0x1a002964                xTaskGetTickCount
 .text.xTaskIncrementTick
                0x1a002988      0x170 C:\Users\Ian\Desktop\Firmata4CIAA_WS\freertos_lpc43xx\Debug\libfreertos_lpc43xx.a(tasks.o)
                0x1a002988                xTaskIncrementTick
 .text.vTaskSwitchContext
                0x1a002af8       0xf4 C:\Users\Ian\Desktop\Firmata4CIAA_WS\freertos_lpc43xx\Debug\libfreertos_lpc43xx.a(tasks.o)
                0x1a002af8                vTaskSwitchContext
 .text.vTaskPlaceOnEventList
                0x1a002bec       0x6c C:\Users\Ian\Desktop\Firmata4CIAA_WS\freertos_lpc43xx\Debug\libfreertos_lpc43xx.a(tasks.o)
                0x1a002bec                vTaskPlaceOnEventList
 .text.xTaskRemoveFromEventList
                0x1a002c58       0xb8 C:\Users\Ian\Desktop\Firmata4CIAA_WS\freertos_lpc43xx\Debug\libfreertos_lpc43xx.a(tasks.o)
                0x1a002c58                xTaskRemoveFromEventList
 .text.vTaskSetTimeOutState
                0x1a002d10       0x34 C:\Users\Ian\Desktop\Firmata4CIAA_WS\freertos_lpc43xx\Debug\libfreertos_lpc43xx.a(tasks.o)
                0x1a002d10                vTaskSetTimeOutState
 .text.xTaskCheckForTimeOut
                0x1a002d44       0xa0 C:\Users\Ian\Desktop\Firmata4CIAA_WS\freertos_lpc43xx\Debug\libfreertos_lpc43xx.a(tasks.o)
                0x1a002d44                xTaskCheckForTimeOut
 .text.vTaskMissedYield
                0x1a002de4       0x18 C:\Users\Ian\Desktop\Firmata4CIAA_WS\freertos_lpc43xx\Debug\libfreertos_lpc43xx.a(tasks.o)
                0x1a002de4                vTaskMissedYield
 .text.prvIdleTask
                0x1a002dfc       0x24 C:\Users\Ian\Desktop\Firmata4CIAA_WS\freertos_lpc43xx\Debug\libfreertos_lpc43xx.a(tasks.o)
 .text.prvInitialiseTCBVariables
                0x1a002e20       0x90 C:\Users\Ian\Desktop\Firmata4CIAA_WS\freertos_lpc43xx\Debug\libfreertos_lpc43xx.a(tasks.o)
 .text.prvInitialiseTaskLists
                0x1a002eb0       0x7c C:\Users\Ian\Desktop\Firmata4CIAA_WS\freertos_lpc43xx\Debug\libfreertos_lpc43xx.a(tasks.o)
 .text.prvCheckTasksWaitingTermination
                0x1a002f2c       0x74 C:\Users\Ian\Desktop\Firmata4CIAA_WS\freertos_lpc43xx\Debug\libfreertos_lpc43xx.a(tasks.o)
 .text.prvAddCurrentTaskToDelayedList
                0x1a002fa0       0x6c C:\Users\Ian\Desktop\Firmata4CIAA_WS\freertos_lpc43xx\Debug\libfreertos_lpc43xx.a(tasks.o)
 .text.prvAllocateTCBAndStack
                0x1a00300c       0x64 C:\Users\Ian\Desktop\Firmata4CIAA_WS\freertos_lpc43xx\Debug\libfreertos_lpc43xx.a(tasks.o)
 .text.prvDeleteTCB
                0x1a003070       0x20 C:\Users\Ian\Desktop\Firmata4CIAA_WS\freertos_lpc43xx\Debug\libfreertos_lpc43xx.a(tasks.o)
 .text.prvResetNextTaskUnblockTime
                0x1a003090       0x48 C:\Users\Ian\Desktop\Firmata4CIAA_WS\freertos_lpc43xx\Debug\libfreertos_lpc43xx.a(tasks.o)
 .text.xTaskGetCurrentTaskHandle
                0x1a0030d8       0x20 C:\Users\Ian\Desktop\Firmata4CIAA_WS\freertos_lpc43xx\Debug\libfreertos_lpc43xx.a(tasks.o)
                0x1a0030d8                xTaskGetCurrentTaskHandle
 .text.vTaskPriorityInherit
                0x1a0030f8       0xbc C:\Users\Ian\Desktop\Firmata4CIAA_WS\freertos_lpc43xx\Debug\libfreertos_lpc43xx.a(tasks.o)
                0x1a0030f8                vTaskPriorityInherit
 .text.vTaskPriorityDisinherit
                0x1a0031b4       0x84 C:\Users\Ian\Desktop\Firmata4CIAA_WS\freertos_lpc43xx\Debug\libfreertos_lpc43xx.a(tasks.o)
                0x1a0031b4                vTaskPriorityDisinherit
 .text.vApplicationMallocFailedHook
                0x1a003238        0xc C:\Users\Ian\Desktop\Firmata4CIAA_WS\freertos_lpc43xx\Debug\libfreertos_lpc43xx.a(FreeRTOSCommonHooks.o)
                0x1a003238                vApplicationMallocFailedHook
 .text.vApplicationIdleHook
                0x1a003244       0x10 C:\Users\Ian\Desktop\Firmata4CIAA_WS\freertos_lpc43xx\Debug\libfreertos_lpc43xx.a(FreeRTOSCommonHooks.o)
                0x1a003244                vApplicationIdleHook
 .text.vApplicationStackOverflowHook
                0x1a003254       0x10 C:\Users\Ian\Desktop\Firmata4CIAA_WS\freertos_lpc43xx\Debug\libfreertos_lpc43xx.a(FreeRTOSCommonHooks.o)
                0x1a003254                vApplicationStackOverflowHook
 .text.pvPortMalloc
                0x1a003264      0x124 C:\Users\Ian\Desktop\Firmata4CIAA_WS\freertos_lpc43xx\Debug\libfreertos_lpc43xx.a(heap_2.o)
                0x1a003264                pvPortMalloc
 .text.vPortFree
                0x1a003388       0x70 C:\Users\Ian\Desktop\Firmata4CIAA_WS\freertos_lpc43xx\Debug\libfreertos_lpc43xx.a(heap_2.o)
                0x1a003388                vPortFree
 .text.prvHeapInit
                0x1a0033f8       0x50 C:\Users\Ian\Desktop\Firmata4CIAA_WS\freertos_lpc43xx\Debug\libfreertos_lpc43xx.a(heap_2.o)
 .text.vListInitialise
                0x1a003448       0x40 C:\Users\Ian\Desktop\Firmata4CIAA_WS\freertos_lpc43xx\Debug\libfreertos_lpc43xx.a(list.o)
                0x1a003448                vListInitialise
 .text.vListInitialiseItem
                0x1a003488       0x18 C:\Users\Ian\Desktop\Firmata4CIAA_WS\freertos_lpc43xx\Debug\libfreertos_lpc43xx.a(list.o)
                0x1a003488                vListInitialiseItem
 .text.vListInsertEnd
                0x1a0034a0       0x48 C:\Users\Ian\Desktop\Firmata4CIAA_WS\freertos_lpc43xx\Debug\libfreertos_lpc43xx.a(list.o)
                0x1a0034a0                vListInsertEnd
 .text.vListInsert
                0x1a0034e8       0x70 C:\Users\Ian\Desktop\Firmata4CIAA_WS\freertos_lpc43xx\Debug\libfreertos_lpc43xx.a(list.o)
                0x1a0034e8                vListInsert
 .text.uxListRemove
                0x1a003558       0x54 C:\Users\Ian\Desktop\Firmata4CIAA_WS\freertos_lpc43xx\Debug\libfreertos_lpc43xx.a(list.o)
                0x1a003558                uxListRemove
 .text.pxPortInitialiseStack
                0x1a0035ac       0x64 C:\Users\Ian\Desktop\Firmata4CIAA_WS\freertos_lpc43xx\Debug\libfreertos_lpc43xx.a(port.o)
                0x1a0035ac                pxPortInitialiseStack
 .text.prvTaskExitError
                0x1a003610       0x20 C:\Users\Ian\Desktop\Firmata4CIAA_WS\freertos_lpc43xx\Debug\libfreertos_lpc43xx.a(port.o)
 .text.SVC_Handler
                0x1a003630       0x20 C:\Users\Ian\Desktop\Firmata4CIAA_WS\freertos_lpc43xx\Debug\libfreertos_lpc43xx.a(port.o)
                0x1a003630                SVC_Handler
 .text.prvPortStartFirstTask
                0x1a003650       0x1c C:\Users\Ian\Desktop\Firmata4CIAA_WS\freertos_lpc43xx\Debug\libfreertos_lpc43xx.a(port.o)
 .text.xPortStartScheduler
                0x1a00366c       0xd0 C:\Users\Ian\Desktop\Firmata4CIAA_WS\freertos_lpc43xx\Debug\libfreertos_lpc43xx.a(port.o)
                0x1a00366c                xPortStartScheduler
 .text.vPortYield
                0x1a00373c       0x20 C:\Users\Ian\Desktop\Firmata4CIAA_WS\freertos_lpc43xx\Debug\libfreertos_lpc43xx.a(port.o)
                0x1a00373c                vPortYield
 .text.vPortEnterCritical
                0x1a00375c       0x20 C:\Users\Ian\Desktop\Firmata4CIAA_WS\freertos_lpc43xx\Debug\libfreertos_lpc43xx.a(port.o)
                0x1a00375c                vPortEnterCritical
 .text.vPortExitCritical
                0x1a00377c       0x30 C:\Users\Ian\Desktop\Firmata4CIAA_WS\freertos_lpc43xx\Debug\libfreertos_lpc43xx.a(port.o)
                0x1a00377c                vPortExitCritical
 .text.ulPortSetInterruptMask
                0x1a0037ac       0x14 C:\Users\Ian\Desktop\Firmata4CIAA_WS\freertos_lpc43xx\Debug\libfreertos_lpc43xx.a(port.o)
                0x1a0037ac                ulPortSetInterruptMask
 .text.vPortClearInterruptMask
                0x1a0037c0        0x8 C:\Users\Ian\Desktop\Firmata4CIAA_WS\freertos_lpc43xx\Debug\libfreertos_lpc43xx.a(port.o)
                0x1a0037c0                vPortClearInterruptMask
 .text.PendSV_Handler
                0x1a0037c8       0x58 C:\Users\Ian\Desktop\Firmata4CIAA_WS\freertos_lpc43xx\Debug\libfreertos_lpc43xx.a(port.o)
                0x1a0037c8                PendSV_Handler
 .text.SysTick_Handler
                0x1a003820       0x28 C:\Users\Ian\Desktop\Firmata4CIAA_WS\freertos_lpc43xx\Debug\libfreertos_lpc43xx.a(port.o)
                0x1a003820                SysTick_Handler
 .text.vPortSetupTimerInterrupt
                0x1a003848       0x34 C:\Users\Ian\Desktop\Firmata4CIAA_WS\freertos_lpc43xx\Debug\libfreertos_lpc43xx.a(port.o)
                0x1a003848                vPortSetupTimerInterrupt
 .text.vPortEnableVFP
                0x1a00387c       0x14 C:\Users\Ian\Desktop\Firmata4CIAA_WS\freertos_lpc43xx\Debug\libfreertos_lpc43xx.a(port.o)
 .text.vPortValidateInterruptPriority
                0x1a003890       0x58 C:\Users\Ian\Desktop\Firmata4CIAA_WS\freertos_lpc43xx\Debug\libfreertos_lpc43xx.a(port.o)
                0x1a003890                vPortValidateInterruptPriority
 .text.getFullConvClk
                0x1a0038e8       0x10 C:\Users\Ian\Desktop\Firmata4CIAA_WS\lpcopen_lpc4337\Debug\liblpcopen_lpc4337.a(adc_18xx_43xx.o)
 .text.Chip_ADC_GetClockIndex
                0x1a0038f8       0x2c C:\Users\Ian\Desktop\Firmata4CIAA_WS\lpcopen_lpc4337\Debug\liblpcopen_lpc4337.a(adc_18xx_43xx.o)
 .text.getClkDiv
                0x1a003924       0x60 C:\Users\Ian\Desktop\Firmata4CIAA_WS\lpcopen_lpc4337\Debug\liblpcopen_lpc4337.a(adc_18xx_43xx.o)
 .text.setStartMode
                0x1a003984       0x2c C:\Users\Ian\Desktop\Firmata4CIAA_WS\lpcopen_lpc4337\Debug\liblpcopen_lpc4337.a(adc_18xx_43xx.o)
                0x1a003984                setStartMode
 .text.readAdcVal
                0x1a0039b0       0x44 C:\Users\Ian\Desktop\Firmata4CIAA_WS\lpcopen_lpc4337\Debug\liblpcopen_lpc4337.a(adc_18xx_43xx.o)
                0x1a0039b0                readAdcVal
 .text.Chip_ADC_Init
                0x1a0039f4       0x84 C:\Users\Ian\Desktop\Firmata4CIAA_WS\lpcopen_lpc4337\Debug\liblpcopen_lpc4337.a(adc_18xx_43xx.o)
                0x1a0039f4                Chip_ADC_Init
 .text.Chip_ADC_ReadValue
                0x1a003a78       0x24 C:\Users\Ian\Desktop\Firmata4CIAA_WS\lpcopen_lpc4337\Debug\liblpcopen_lpc4337.a(adc_18xx_43xx.o)
                0x1a003a78                Chip_ADC_ReadValue
 .text.Chip_ADC_ReadStatus
                0x1a003a9c       0x78 C:\Users\Ian\Desktop\Firmata4CIAA_WS\lpcopen_lpc4337\Debug\liblpcopen_lpc4337.a(adc_18xx_43xx.o)
                0x1a003a9c                Chip_ADC_ReadStatus
 .text.Chip_ADC_Int_SetChannelCmd
                0x1a003b14       0x48 C:\Users\Ian\Desktop\Firmata4CIAA_WS\lpcopen_lpc4337\Debug\liblpcopen_lpc4337.a(adc_18xx_43xx.o)
                0x1a003b14                Chip_ADC_Int_SetChannelCmd
 .text.Chip_ADC_SetStartMode
                0x1a003b5c       0x4c C:\Users\Ian\Desktop\Firmata4CIAA_WS\lpcopen_lpc4337\Debug\liblpcopen_lpc4337.a(adc_18xx_43xx.o)
                0x1a003b5c                Chip_ADC_SetStartMode
 .text.Chip_ADC_EnableChannel
                0x1a003ba8       0x54 C:\Users\Ian\Desktop\Firmata4CIAA_WS\lpcopen_lpc4337\Debug\liblpcopen_lpc4337.a(adc_18xx_43xx.o)
                0x1a003ba8                Chip_ADC_EnableChannel
 .text.Chip_ADC_SetBurstCmd
                0x1a003bfc       0x3c C:\Users\Ian\Desktop\Firmata4CIAA_WS\lpcopen_lpc4337\Debug\liblpcopen_lpc4337.a(adc_18xx_43xx.o)
                0x1a003bfc                Chip_ADC_SetBurstCmd
 .text.SystemCoreClockUpdate
                0x1a003c38       0x18 C:\Users\Ian\Desktop\Firmata4CIAA_WS\lpcopen_lpc4337\Debug\liblpcopen_lpc4337.a(chip_18xx_43xx.o)
                0x1a003c38                SystemCoreClockUpdate
 .text.Chip_Clock_TestMainPLLMultiplier
                0x1a003c50       0x48 C:\Users\Ian\Desktop\Firmata4CIAA_WS\lpcopen_lpc4337\Debug\liblpcopen_lpc4337.a(clock_18xx_43xx.o)
 .text.Chip_Clock_GetDivRate
                0x1a003c98       0x40 C:\Users\Ian\Desktop\Firmata4CIAA_WS\lpcopen_lpc4337\Debug\liblpcopen_lpc4337.a(clock_18xx_43xx.o)
 .text.Chip_Clock_FindBaseClock
                0x1a003cd8       0x88 C:\Users\Ian\Desktop\Firmata4CIAA_WS\lpcopen_lpc4337\Debug\liblpcopen_lpc4337.a(clock_18xx_43xx.o)
 .text.Chip_Clock_EnableCrystal
                0x1a003d60       0x6c C:\Users\Ian\Desktop\Firmata4CIAA_WS\lpcopen_lpc4337\Debug\liblpcopen_lpc4337.a(clock_18xx_43xx.o)
                0x1a003d60                Chip_Clock_EnableCrystal
 .text.Chip_Clock_SetupMainPLLHz
                0x1a003dcc      0x128 C:\Users\Ian\Desktop\Firmata4CIAA_WS\lpcopen_lpc4337\Debug\liblpcopen_lpc4337.a(clock_18xx_43xx.o)
                0x1a003dcc                Chip_Clock_SetupMainPLLHz
 .text.Chip_Clock_SetupMainPLLMult
                0x1a003ef4       0xf8 C:\Users\Ian\Desktop\Firmata4CIAA_WS\lpcopen_lpc4337\Debug\liblpcopen_lpc4337.a(clock_18xx_43xx.o)
                0x1a003ef4                Chip_Clock_SetupMainPLLMult
 .text.Chip_Clock_GetMainPLLHz
                0x1a003fec       0xc0 C:\Users\Ian\Desktop\Firmata4CIAA_WS\lpcopen_lpc4337\Debug\liblpcopen_lpc4337.a(clock_18xx_43xx.o)
                0x1a003fec                Chip_Clock_GetMainPLLHz
 .text.Chip_Clock_DisableMainPLL
                0x1a0040ac       0x1c C:\Users\Ian\Desktop\Firmata4CIAA_WS\lpcopen_lpc4337\Debug\liblpcopen_lpc4337.a(clock_18xx_43xx.o)
                0x1a0040ac                Chip_Clock_DisableMainPLL
 .text.Chip_Clock_SetDivider
                0x1a0040c8       0x84 C:\Users\Ian\Desktop\Firmata4CIAA_WS\lpcopen_lpc4337\Debug\liblpcopen_lpc4337.a(clock_18xx_43xx.o)
                0x1a0040c8                Chip_Clock_SetDivider
 .text.Chip_Clock_GetDividerSource
                0x1a00414c       0x40 C:\Users\Ian\Desktop\Firmata4CIAA_WS\lpcopen_lpc4337\Debug\liblpcopen_lpc4337.a(clock_18xx_43xx.o)
                0x1a00414c                Chip_Clock_GetDividerSource
 .text.Chip_Clock_GetDividerDivisor
                0x1a00418c       0x38 C:\Users\Ian\Desktop\Firmata4CIAA_WS\lpcopen_lpc4337\Debug\liblpcopen_lpc4337.a(clock_18xx_43xx.o)
                0x1a00418c                Chip_Clock_GetDividerDivisor
 .text.Chip_Clock_GetClockInputHz
                0x1a0041c4      0x140 C:\Users\Ian\Desktop\Firmata4CIAA_WS\lpcopen_lpc4337\Debug\liblpcopen_lpc4337.a(clock_18xx_43xx.o)
                0x1a0041c4                Chip_Clock_GetClockInputHz
 .text.Chip_Clock_GetBaseClocktHz
                0x1a004304       0x24 C:\Users\Ian\Desktop\Firmata4CIAA_WS\lpcopen_lpc4337\Debug\liblpcopen_lpc4337.a(clock_18xx_43xx.o)
                0x1a004304                Chip_Clock_GetBaseClocktHz
 .text.Chip_Clock_SetBaseClock
                0x1a004328       0x8c C:\Users\Ian\Desktop\Firmata4CIAA_WS\lpcopen_lpc4337\Debug\liblpcopen_lpc4337.a(clock_18xx_43xx.o)
                0x1a004328                Chip_Clock_SetBaseClock
 .text.Chip_Clock_GetBaseClock
                0x1a0043b4       0x4c C:\Users\Ian\Desktop\Firmata4CIAA_WS\lpcopen_lpc4337\Debug\liblpcopen_lpc4337.a(clock_18xx_43xx.o)
                0x1a0043b4                Chip_Clock_GetBaseClock
 .text.Chip_Clock_EnableOpts
                0x1a004400       0x7c C:\Users\Ian\Desktop\Firmata4CIAA_WS\lpcopen_lpc4337\Debug\liblpcopen_lpc4337.a(clock_18xx_43xx.o)
                0x1a004400                Chip_Clock_EnableOpts
 .text.Chip_Clock_Enable
                0x1a00447c       0x60 C:\Users\Ian\Desktop\Firmata4CIAA_WS\lpcopen_lpc4337\Debug\liblpcopen_lpc4337.a(clock_18xx_43xx.o)
                0x1a00447c                Chip_Clock_Enable
 .text.Chip_Clock_GetRate
                0x1a0044dc       0x88 C:\Users\Ian\Desktop\Firmata4CIAA_WS\lpcopen_lpc4337\Debug\liblpcopen_lpc4337.a(clock_18xx_43xx.o)
                0x1a0044dc                Chip_Clock_GetRate
 .text.ResetISR
                0x1a004564       0xc4 C:\Users\Ian\Desktop\Firmata4CIAA_WS\lpcopen_lpc4337\Debug\liblpcopen_lpc4337.a(cr_startup_lpc43xx.o)
                0x1a004564                ResetISR
 .text.Chip_GPIO_Init
                0x1a004628       0x14 C:\Users\Ian\Desktop\Firmata4CIAA_WS\lpcopen_lpc4337\Debug\liblpcopen_lpc4337.a(gpio_18xx_43xx.o)
                0x1a004628                Chip_GPIO_Init
 .text.Chip_GPIO_SetDir
                0x1a00463c       0x5c C:\Users\Ian\Desktop\Firmata4CIAA_WS\lpcopen_lpc4337\Debug\liblpcopen_lpc4337.a(gpio_18xx_43xx.o)
                0x1a00463c                Chip_GPIO_SetDir
 .text.Chip_RGU_TriggerReset
                0x1a004698       0x3c C:\Users\Ian\Desktop\Firmata4CIAA_WS\lpcopen_lpc4337\Debug\liblpcopen_lpc4337.a(rgu_18xx_43xx.o)
                0x1a004698                Chip_RGU_TriggerReset
 .text.Chip_RGU_InReset
                0x1a0046d4       0x48 C:\Users\Ian\Desktop\Firmata4CIAA_WS\lpcopen_lpc4337\Debug\liblpcopen_lpc4337.a(rgu_18xx_43xx.o)
                0x1a0046d4                Chip_RGU_InReset
 .text.Chip_SCT_Init
                0x1a00471c       0x1c C:\Users\Ian\Desktop\Firmata4CIAA_WS\lpcopen_lpc4337\Debug\liblpcopen_lpc4337.a(sct_18xx_43xx.o)
                0x1a00471c                Chip_SCT_Init
 .text.Chip_SCT_Config
                0x1a004738       0x1c C:\Users\Ian\Desktop\Firmata4CIAA_WS\lpcopen_lpc4337\Debug\liblpcopen_lpc4337.a(sct_pwm_18xx_43xx.o)
 .text.Chip_SCT_SetMatchCount
                0x1a004754       0x24 C:\Users\Ian\Desktop\Firmata4CIAA_WS\lpcopen_lpc4337\Debug\liblpcopen_lpc4337.a(sct_pwm_18xx_43xx.o)
 .text.Chip_SCT_SetControl
                0x1a004778       0x20 C:\Users\Ian\Desktop\Firmata4CIAA_WS\lpcopen_lpc4337\Debug\liblpcopen_lpc4337.a(sct_pwm_18xx_43xx.o)
 .text.Chip_SCT_SetMatchReload
                0x1a004798       0x24 C:\Users\Ian\Desktop\Firmata4CIAA_WS\lpcopen_lpc4337\Debug\liblpcopen_lpc4337.a(sct_pwm_18xx_43xx.o)
 .text.Chip_SCTPWM_Stop
                0x1a0047bc       0x24 C:\Users\Ian\Desktop\Firmata4CIAA_WS\lpcopen_lpc4337\Debug\liblpcopen_lpc4337.a(sct_pwm_18xx_43xx.o)
 .text.Chip_SCTPWM_SetOutPin
                0x1a0047e0       0x98 C:\Users\Ian\Desktop\Firmata4CIAA_WS\lpcopen_lpc4337\Debug\liblpcopen_lpc4337.a(sct_pwm_18xx_43xx.o)
                0x1a0047e0                Chip_SCTPWM_SetOutPin
 .text.Chip_SCTPWM_SetRate
                0x1a004878       0x70 C:\Users\Ian\Desktop\Firmata4CIAA_WS\lpcopen_lpc4337\Debug\liblpcopen_lpc4337.a(sct_pwm_18xx_43xx.o)
                0x1a004878                Chip_SCTPWM_SetRate
 .text.SystemInit
                0x1a0048e8       0x28 C:\Users\Ian\Desktop\Firmata4CIAA_WS\lpcopen_lpc4337\Debug\liblpcopen_lpc4337.a(sysinit.o)
                0x1a0048e8                SystemInit
 .text.Chip_TIMER_GetClockIndex
                0x1a004910       0x50 C:\Users\Ian\Desktop\Firmata4CIAA_WS\lpcopen_lpc4337\Debug\liblpcopen_lpc4337.a(timer_18xx_43xx.o)
 .text.Chip_TIMER_Init
                0x1a004960       0x1c C:\Users\Ian\Desktop\Firmata4CIAA_WS\lpcopen_lpc4337\Debug\liblpcopen_lpc4337.a(timer_18xx_43xx.o)
                0x1a004960                Chip_TIMER_Init
 .text.Chip_TIMER_Reset
                0x1a00497c       0x3c C:\Users\Ian\Desktop\Firmata4CIAA_WS\lpcopen_lpc4337\Debug\liblpcopen_lpc4337.a(timer_18xx_43xx.o)
                0x1a00497c                Chip_TIMER_Reset
 .text.Chip_UART_TXDisable
                0x1a0049b8       0x18 C:\Users\Ian\Desktop\Firmata4CIAA_WS\lpcopen_lpc4337\Debug\liblpcopen_lpc4337.a(uart_18xx_43xx.o)
 .text.Chip_UART_SetupFIFOS
                0x1a0049d0       0x1c C:\Users\Ian\Desktop\Firmata4CIAA_WS\lpcopen_lpc4337\Debug\liblpcopen_lpc4337.a(uart_18xx_43xx.o)
 .text.Chip_UART_ConfigData
                0x1a0049ec       0x1c C:\Users\Ian\Desktop\Firmata4CIAA_WS\lpcopen_lpc4337\Debug\liblpcopen_lpc4337.a(uart_18xx_43xx.o)
 .text.Chip_UART_EnableDivisorAccess
                0x1a004a08       0x20 C:\Users\Ian\Desktop\Firmata4CIAA_WS\lpcopen_lpc4337\Debug\liblpcopen_lpc4337.a(uart_18xx_43xx.o)
 .text.Chip_UART_DisableDivisorAccess
                0x1a004a28       0x20 C:\Users\Ian\Desktop\Firmata4CIAA_WS\lpcopen_lpc4337\Debug\liblpcopen_lpc4337.a(uart_18xx_43xx.o)
 .text.Chip_UART_SetDivisorLatches
                0x1a004a48       0x28 C:\Users\Ian\Desktop\Firmata4CIAA_WS\lpcopen_lpc4337\Debug\liblpcopen_lpc4337.a(uart_18xx_43xx.o)
 .text.Chip_UART_GetClockIndex
                0x1a004a70       0x50 C:\Users\Ian\Desktop\Firmata4CIAA_WS\lpcopen_lpc4337\Debug\liblpcopen_lpc4337.a(uart_18xx_43xx.o)
 .text.Chip_UART_Init
                0x1a004ac0       0x7c C:\Users\Ian\Desktop\Firmata4CIAA_WS\lpcopen_lpc4337\Debug\liblpcopen_lpc4337.a(uart_18xx_43xx.o)
                0x1a004ac0                Chip_UART_Init
 .text.Chip_UART_SetBaud
                0x1a004b3c       0x64 C:\Users\Ian\Desktop\Firmata4CIAA_WS\lpcopen_lpc4337\Debug\liblpcopen_lpc4337.a(uart_18xx_43xx.o)
                0x1a004b3c                Chip_UART_SetBaud
 .text.Chip_SCU_PinMuxSet
                0x1a004ba0       0x30 C:\Users\Ian\Desktop\Firmata4CIAA_WS\lpcopen_lpc4337\Debug\liblpcopen_lpc4337.a(board_sysinit.o)
 .text.Chip_SCU_SetPinMuxing
                0x1a004bd0       0x4c C:\Users\Ian\Desktop\Firmata4CIAA_WS\lpcopen_lpc4337\Debug\liblpcopen_lpc4337.a(board_sysinit.o)
 .text.Board_SetupMuxing
                0x1a004c1c       0x20 C:\Users\Ian\Desktop\Firmata4CIAA_WS\lpcopen_lpc4337\Debug\liblpcopen_lpc4337.a(board_sysinit.o)
                0x1a004c1c                Board_SetupMuxing
 .text.Board_SetupClocking
                0x1a004c3c       0x8c C:\Users\Ian\Desktop\Firmata4CIAA_WS\lpcopen_lpc4337\Debug\liblpcopen_lpc4337.a(board_sysinit.o)
                0x1a004c3c                Board_SetupClocking
 .text.Board_SystemInit
                0x1a004cc8       0x10 C:\Users\Ian\Desktop\Firmata4CIAA_WS\lpcopen_lpc4337\Debug\liblpcopen_lpc4337.a(board_sysinit.o)
                0x1a004cc8                Board_SystemInit
 .text.fpuInit  0x1a004cd8       0x74 C:\Users\Ian\Desktop\Firmata4CIAA_WS\lpcopen_lpc4337\Debug\liblpcopen_lpc4337.a(fpu_init.o)
                0x1a004cd8                fpuInit
 .text.Chip_SetupCoreClock
                0x1a004d4c       0xb4 C:\Users\Ian\Desktop\Firmata4CIAA_WS\lpcopen_lpc4337\Debug\liblpcopen_lpc4337.a(sysinit_18xx_43xx.o)
                0x1a004d4c                Chip_SetupCoreClock
 .text.memcmp   0x1a004e00       0x1e c:/ciaa/cygwin/usr/arm-none-eabi/bin/../lib/gcc/arm-none-eabi/4.8.4/../../../../arm-none-eabi/lib/armv7e-m/softfp\libg_s.a(lib_a-memcmp.o)
                0x1a004e00                memcmp
 .text.memcpy   0x1a004e1e       0x12 c:/ciaa/cygwin/usr/arm-none-eabi/bin/../lib/gcc/arm-none-eabi/4.8.4/../../../../arm-none-eabi/lib/armv7e-m/softfp\libg_s.a(lib_a-memcpy-stub.o)
                0x1a004e1e                memcpy
 .text.memset   0x1a004e30       0x10 c:/ciaa/cygwin/usr/arm-none-eabi/bin/../lib/gcc/arm-none-eabi/4.8.4/../../../../arm-none-eabi/lib/armv7e-m/softfp\libg_s.a(lib_a-memset.o)
                0x1a004e30                memset
 *(.rodata .rodata.* .constdata .constdata.*)
 .rodata.timer_sd
                0x1a004e40       0x30 ./src/TIMER_DRIVER.o
                0x1a004e40                timer_sd
 .rodata        0x1a004e70       0x30 ./src/main.o
 .rodata        0x1a004ea0        0x8 C:\Users\Ian\Desktop\Firmata4CIAA_WS\freertos_lpc43xx\Debug\libfreertos_lpc43xx.a(tasks.o)
 .rodata.ucExpectedStackBytes.10189
                0x1a004ea8       0x14 C:\Users\Ian\Desktop\Firmata4CIAA_WS\freertos_lpc43xx\Debug\libfreertos_lpc43xx.a(tasks.o)
 .rodata.periph_to_base
                0x1a004ebc       0x6c C:\Users\Ian\Desktop\Firmata4CIAA_WS\lpcopen_lpc4337\Debug\liblpcopen_lpc4337.a(clock_18xx_43xx.o)
 .rodata        0x1a004f28        0xc C:\Users\Ian\Desktop\Firmata4CIAA_WS\lpcopen_lpc4337\Debug\liblpcopen_lpc4337.a(clock_18xx_43xx.o)
 .rodata.ExtRateIn
                0x1a004f34        0x4 C:\Users\Ian\Desktop\Firmata4CIAA_WS\lpcopen_lpc4337\Debug\liblpcopen_lpc4337.a(board.o)
                0x1a004f34                ExtRateIn
 .rodata.OscRateIn
                0x1a004f38        0x4 C:\Users\Ian\Desktop\Firmata4CIAA_WS\lpcopen_lpc4337\Debug\liblpcopen_lpc4337.a(board.o)
                0x1a004f38                OscRateIn
 .rodata.InitClkStates
                0x1a004f3c       0x10 C:\Users\Ian\Desktop\Firmata4CIAA_WS\lpcopen_lpc4337\Debug\liblpcopen_lpc4337.a(board_sysinit.o)
 .rodata.spifipinmuxing
                0x1a004f4c       0x18 C:\Users\Ian\Desktop\Firmata4CIAA_WS\lpcopen_lpc4337\Debug\liblpcopen_lpc4337.a(board_sysinit.o)
 .rodata.pinmuxing
                0x1a004f64       0x44 C:\Users\Ian\Desktop\Firmata4CIAA_WS\lpcopen_lpc4337\Debug\liblpcopen_lpc4337.a(board_sysinit.o)
 .rodata.InitClkStates
                0x1a004fa8       0x48 C:\Users\Ian\Desktop\Firmata4CIAA_WS\lpcopen_lpc4337\Debug\liblpcopen_lpc4337.a(sysinit_18xx_43xx.o)
                0x1a004ff0                . = ALIGN (0x4)

.glue_7         0x1a004ff0        0x0
 .glue_7        0x00000000        0x0 linker stubs

.glue_7t        0x1a004ff0        0x0
 .glue_7t       0x00000000        0x0 linker stubs

.vfp11_veneer   0x1a004ff0        0x0
 .vfp11_veneer  0x00000000        0x0 linker stubs

.v4_bx          0x1a004ff0        0x0
 .v4_bx         0x00000000        0x0 linker stubs

.iplt           0x1a004ff0        0x0
 .iplt          0x00000000        0x0 c:/ciaa/cygwin/usr/arm-none-eabi/bin/../lib/gcc/arm-none-eabi/4.8.4/armv7e-m/softfp/crtbegin.o

.rel.dyn        0x1a004ff0        0x0
 .rel.iplt      0x00000000        0x0 c:/ciaa/cygwin/usr/arm-none-eabi/bin/../lib/gcc/arm-none-eabi/4.8.4/armv7e-m/softfp/crtbegin.o

.ARM.extab
 *(.ARM.extab* .gnu.linkonce.armextab.*)
                0x1a004ff0                __exidx_start = .

.ARM.exidx
 *(.ARM.exidx* .gnu.linkonce.armexidx.*)
                0x1a004ff0                __exidx_end = .
                0x1a004ff0                _etext = .

.data_RAM2      0x10080000        0x0 load address 0x1a004ff0
 FILL mask 0xff
 *(.ramfunc.$RAM2)
 *(.ramfunc.$RamLoc40)
 *(.data.$RAM2*)
 *(.data.$RamLoc40*)
                0x10080000                . = ALIGN (0x4)

.data_RAM3      0x20000000        0x0 load address 0x1a004ff0
 FILL mask 0xff
 *(.ramfunc.$RAM3)
 *(.ramfunc.$RamAHB32)
 *(.data.$RAM3*)
 *(.data.$RamAHB32*)
                0x20000000                . = ALIGN (0x4)

.data_RAM4      0x20008000        0x0 load address 0x1a004ff0
 FILL mask 0xff
 *(.ramfunc.$RAM4)
 *(.ramfunc.$RamAHB16)
 *(.data.$RAM4*)
 *(.data.$RamAHB16*)
                0x20008000                . = ALIGN (0x4)

.data_RAM5      0x2000c000        0x0 load address 0x1a004ff0
 FILL mask 0xff
 *(.ramfunc.$RAM5)
 *(.ramfunc.$RamAHB_ETB16)
 *(.data.$RAM5*)
 *(.data.$RamAHB_ETB16*)
                0x2000c000                . = ALIGN (0x4)

.uninit_RESERVED
                0x10000000        0x0
 *(.bss.$RESERVED*)
                0x10000000                . = ALIGN (0x4)
                0x10000000                _end_uninit_RESERVED = .

.data           0x10000000      0x5e8 load address 0x1a004ff0
 FILL mask 0xff
                0x10000000                _data = .
 *(vtable)
 *(.ramfunc*)
 *(.data*)
 .data.REPORT_FIRMWARE_MSG
                0x10000000       0x14 ./src/FIRMATA.o
                0x10000000                REPORT_FIRMWARE_MSG
 .data.analogInStatus
                0x10000014       0x40 ./src/FIRMATA.o
                0x10000014                analogInStatus
 .data.digitalInStatus
                0x10000054       0x40 ./src/FIRMATA.o
                0x10000054                digitalInStatus
 .data.CIAApins
                0x10000094      0x480 ./src/HAL.o
                0x10000094                CIAApins
 .data.portValAnt.11014
                0x10000514       0x20 ./src/HAL.o
 .data.pinValAnt.11025
                0x10000534       0x20 ./src/HAL.o
 .data.AttachedServoList
                0x10000554       0x48 ./src/SERVO_DRIVER.o
 .data.timer_dd
                0x1000059c       0x40 ./src/TIMER_DRIVER.o
                0x1000059c                timer_dd
 .data.xNextTaskUnblockTime
                0x100005dc        0x4 C:\Users\Ian\Desktop\Firmata4CIAA_WS\freertos_lpc43xx\Debug\libfreertos_lpc43xx.a(tasks.o)
 .data.xFreeBytesRemaining
                0x100005e0        0x4 C:\Users\Ian\Desktop\Firmata4CIAA_WS\freertos_lpc43xx\Debug\libfreertos_lpc43xx.a(heap_2.o)
 .data.uxCriticalNesting
                0x100005e4        0x4 C:\Users\Ian\Desktop\Firmata4CIAA_WS\freertos_lpc43xx\Debug\libfreertos_lpc43xx.a(port.o)
                0x100005e8                . = ALIGN (0x4)
                0x100005e8                _edata = .

.igot.plt       0x100005e8        0x0 load address 0x1a0055d8
 .igot.plt      0x00000000        0x0 c:/ciaa/cygwin/usr/arm-none-eabi/bin/../lib/gcc/arm-none-eabi/4.8.4/armv7e-m/softfp/crtbegin.o

.bss_RAM2       0x10080000        0x0
 *(.bss.$RAM2*)
 *(.bss.$RamLoc40*)
                0x10080000                . = ALIGN (0x4)

.bss_RAM3       0x20000000        0x0
 *(.bss.$RAM3*)
 *(.bss.$RamAHB32*)
                0x20000000                . = ALIGN (0x4)

.bss_RAM4       0x20008000        0x0
 *(.bss.$RAM4*)
 *(.bss.$RamAHB16*)
                0x20008000                . = ALIGN (0x4)

.bss_RAM5       0x2000c000        0x0
 *(.bss.$RAM5*)
 *(.bss.$RamAHB_ETB16*)
                0x2000c000                . = ALIGN (0x4)

.bss            0x100005e8     0x116c
                0x100005e8                _bss = .
 *(.bss*)
 .bss.digitalDataReceived
                0x100005e8        0x4 ./src/FIRMATA.o
 .bss.xRxQueue  0x100005ec        0x4 ./src/UART_DRIVER.o
 .bss.xTxQueue  0x100005f0        0x4 ./src/UART_DRIVER.o
 .bss.pxCurrentTCB
                0x100005f4        0x4 C:\Users\Ian\Desktop\Firmata4CIAA_WS\freertos_lpc43xx\Debug\libfreertos_lpc43xx.a(tasks.o)
                0x100005f4                pxCurrentTCB
 .bss.pxReadyTasksLists
                0x100005f8       0xa0 C:\Users\Ian\Desktop\Firmata4CIAA_WS\freertos_lpc43xx\Debug\libfreertos_lpc43xx.a(tasks.o)
 .bss.xDelayedTaskList1
                0x10000698       0x14 C:\Users\Ian\Desktop\Firmata4CIAA_WS\freertos_lpc43xx\Debug\libfreertos_lpc43xx.a(tasks.o)
 .bss.xDelayedTaskList2
                0x100006ac       0x14 C:\Users\Ian\Desktop\Firmata4CIAA_WS\freertos_lpc43xx\Debug\libfreertos_lpc43xx.a(tasks.o)
 .bss.pxDelayedTaskList
                0x100006c0        0x4 C:\Users\Ian\Desktop\Firmata4CIAA_WS\freertos_lpc43xx\Debug\libfreertos_lpc43xx.a(tasks.o)
 .bss.pxOverflowDelayedTaskList
                0x100006c4        0x4 C:\Users\Ian\Desktop\Firmata4CIAA_WS\freertos_lpc43xx\Debug\libfreertos_lpc43xx.a(tasks.o)
 .bss.xPendingReadyList
                0x100006c8       0x14 C:\Users\Ian\Desktop\Firmata4CIAA_WS\freertos_lpc43xx\Debug\libfreertos_lpc43xx.a(tasks.o)
 .bss.xTasksWaitingTermination
                0x100006dc       0x14 C:\Users\Ian\Desktop\Firmata4CIAA_WS\freertos_lpc43xx\Debug\libfreertos_lpc43xx.a(tasks.o)
 .bss.uxTasksDeleted
                0x100006f0        0x4 C:\Users\Ian\Desktop\Firmata4CIAA_WS\freertos_lpc43xx\Debug\libfreertos_lpc43xx.a(tasks.o)
 .bss.xSuspendedTaskList
                0x100006f4       0x14 C:\Users\Ian\Desktop\Firmata4CIAA_WS\freertos_lpc43xx\Debug\libfreertos_lpc43xx.a(tasks.o)
 .bss.uxCurrentNumberOfTasks
                0x10000708        0x4 C:\Users\Ian\Desktop\Firmata4CIAA_WS\freertos_lpc43xx\Debug\libfreertos_lpc43xx.a(tasks.o)
 .bss.xTickCount
                0x1000070c        0x4 C:\Users\Ian\Desktop\Firmata4CIAA_WS\freertos_lpc43xx\Debug\libfreertos_lpc43xx.a(tasks.o)
 .bss.uxTopReadyPriority
                0x10000710        0x4 C:\Users\Ian\Desktop\Firmata4CIAA_WS\freertos_lpc43xx\Debug\libfreertos_lpc43xx.a(tasks.o)
 .bss.xSchedulerRunning
                0x10000714        0x4 C:\Users\Ian\Desktop\Firmata4CIAA_WS\freertos_lpc43xx\Debug\libfreertos_lpc43xx.a(tasks.o)
 .bss.uxPendedTicks
                0x10000718        0x4 C:\Users\Ian\Desktop\Firmata4CIAA_WS\freertos_lpc43xx\Debug\libfreertos_lpc43xx.a(tasks.o)
 .bss.xYieldPending
                0x1000071c        0x4 C:\Users\Ian\Desktop\Firmata4CIAA_WS\freertos_lpc43xx\Debug\libfreertos_lpc43xx.a(tasks.o)
 .bss.xNumOfOverflows
                0x10000720        0x4 C:\Users\Ian\Desktop\Firmata4CIAA_WS\freertos_lpc43xx\Debug\libfreertos_lpc43xx.a(tasks.o)
 .bss.uxTaskNumber
                0x10000724        0x4 C:\Users\Ian\Desktop\Firmata4CIAA_WS\freertos_lpc43xx\Debug\libfreertos_lpc43xx.a(tasks.o)
 .bss.uxSchedulerSuspended
                0x10000728        0x4 C:\Users\Ian\Desktop\Firmata4CIAA_WS\freertos_lpc43xx\Debug\libfreertos_lpc43xx.a(tasks.o)
 .bss.ucHeap    0x1000072c     0x1000 C:\Users\Ian\Desktop\Firmata4CIAA_WS\freertos_lpc43xx\Debug\libfreertos_lpc43xx.a(heap_2.o)
 .bss.xStart    0x1000172c        0x8 C:\Users\Ian\Desktop\Firmata4CIAA_WS\freertos_lpc43xx\Debug\libfreertos_lpc43xx.a(heap_2.o)
 .bss.xEnd      0x10001734        0x8 C:\Users\Ian\Desktop\Firmata4CIAA_WS\freertos_lpc43xx\Debug\libfreertos_lpc43xx.a(heap_2.o)
 .bss.xHeapHasBeenInitialised.9810
                0x1000173c        0x4 C:\Users\Ian\Desktop\Firmata4CIAA_WS\freertos_lpc43xx\Debug\libfreertos_lpc43xx.a(heap_2.o)
 .bss.ucMaxSysCallPriority
                0x10001740        0x1 C:\Users\Ian\Desktop\Firmata4CIAA_WS\freertos_lpc43xx\Debug\libfreertos_lpc43xx.a(port.o)
 *fill*         0x10001741        0x3 
 .bss.ulMaxPRIGROUPValue
                0x10001744        0x4 C:\Users\Ian\Desktop\Firmata4CIAA_WS\freertos_lpc43xx\Debug\libfreertos_lpc43xx.a(port.o)
 .bss.audio_usb_pll_freq
                0x10001748        0x8 C:\Users\Ian\Desktop\Firmata4CIAA_WS\lpcopen_lpc4337\Debug\liblpcopen_lpc4337.a(clock_18xx_43xx.o)
 *(COMMON)
 COMMON         0x10001750        0x4 C:\Users\Ian\Desktop\Firmata4CIAA_WS\lpcopen_lpc4337\Debug\liblpcopen_lpc4337.a(chip_18xx_43xx.o)
                0x10001750                SystemCoreClock
                0x10001754                . = ALIGN (0x4)
                0x10001754                _ebss = .
                0x10001754                PROVIDE (end, .)

.noinit_RAM2    0x10080000        0x0
 *(.noinit.$RAM2*)
 *(.noinit.$RamLoc40*)
                0x10080000                . = ALIGN (0x4)

.noinit_RAM3    0x20000000        0x0
 *(.noinit.$RAM3*)
 *(.noinit.$RamAHB32*)
                0x20000000                . = ALIGN (0x4)

.noinit_RAM4    0x20008000        0x0
 *(.noinit.$RAM4*)
 *(.noinit.$RamAHB16*)
                0x20008000                . = ALIGN (0x4)

.noinit_RAM5    0x2000c000        0x0
 *(.noinit.$RAM5*)
 *(.noinit.$RamAHB_ETB16*)
                0x2000c000                . = ALIGN (0x4)

.noinit         0x10001754        0x0
                0x10001754                _noinit = .
 *(.noinit*)
                0x10001754                . = ALIGN (0x4)
                0x10001754                _end_noinit = .
                0x10001754                PROVIDE (_pvHeapStart, .)
                0x10008000                PROVIDE (_vStackTop, (__top_RamLoc32 - 0x0))
OUTPUT(Firmata.axf elf32-littlearm)

.debug_info     0x00000000    0x108c2
 .debug_info    0x00000000      0x891 ./src/FIRMATA.o
 .debug_info    0x00000891     0x15f0 ./src/HAL.o
 .debug_info    0x00001e81      0x979 ./src/SERVO_DRIVER.o
 .debug_info    0x000027fa     0x1000 ./src/TIMER_DRIVER.o
 .debug_info    0x000037fa     0x10cc ./src/UART_DRIVER.o
 .debug_info    0x000048c6       0xc8 ./src/main.o
 .debug_info    0x0000498e      0xfac C:\Users\Ian\Desktop\Firmata4CIAA_WS\freertos_lpc43xx\Debug\libfreertos_lpc43xx.a(queue.o)
 .debug_info    0x0000593a     0x13a3 C:\Users\Ian\Desktop\Firmata4CIAA_WS\freertos_lpc43xx\Debug\libfreertos_lpc43xx.a(tasks.o)
 .debug_info    0x00006cdd      0x19a C:\Users\Ian\Desktop\Firmata4CIAA_WS\freertos_lpc43xx\Debug\libfreertos_lpc43xx.a(FreeRTOSCommonHooks.o)
 .debug_info    0x00006e77      0x7d7 C:\Users\Ian\Desktop\Firmata4CIAA_WS\freertos_lpc43xx\Debug\libfreertos_lpc43xx.a(heap_2.o)
 .debug_info    0x0000764e      0x2da C:\Users\Ian\Desktop\Firmata4CIAA_WS\freertos_lpc43xx\Debug\libfreertos_lpc43xx.a(list.o)
 .debug_info    0x00007928      0x81b C:\Users\Ian\Desktop\Firmata4CIAA_WS\freertos_lpc43xx\Debug\libfreertos_lpc43xx.a(port.o)
 .debug_info    0x00008143      0x982 C:\Users\Ian\Desktop\Firmata4CIAA_WS\lpcopen_lpc4337\Debug\liblpcopen_lpc4337.a(adc_18xx_43xx.o)
 .debug_info    0x00008ac5      0xa43 C:\Users\Ian\Desktop\Firmata4CIAA_WS\lpcopen_lpc4337\Debug\liblpcopen_lpc4337.a(chip_18xx_43xx.o)
 .debug_info    0x00009508     0x13cf C:\Users\Ian\Desktop\Firmata4CIAA_WS\lpcopen_lpc4337\Debug\liblpcopen_lpc4337.a(clock_18xx_43xx.o)
 .debug_info    0x0000a8d7      0x285 C:\Users\Ian\Desktop\Firmata4CIAA_WS\lpcopen_lpc4337\Debug\liblpcopen_lpc4337.a(cr_startup_lpc43xx.o)
 .debug_info    0x0000ab5c      0x44c C:\Users\Ian\Desktop\Firmata4CIAA_WS\lpcopen_lpc4337\Debug\liblpcopen_lpc4337.a(gpio_18xx_43xx.o)
 .debug_info    0x0000afa8      0x3ca C:\Users\Ian\Desktop\Firmata4CIAA_WS\lpcopen_lpc4337\Debug\liblpcopen_lpc4337.a(rgu_18xx_43xx.o)
 .debug_info    0x0000b372      0x95c C:\Users\Ian\Desktop\Firmata4CIAA_WS\lpcopen_lpc4337\Debug\liblpcopen_lpc4337.a(sct_18xx_43xx.o)
 .debug_info    0x0000bcce      0xa2a C:\Users\Ian\Desktop\Firmata4CIAA_WS\lpcopen_lpc4337\Debug\liblpcopen_lpc4337.a(sct_pwm_18xx_43xx.o)
 .debug_info    0x0000c6f8       0xf5 C:\Users\Ian\Desktop\Firmata4CIAA_WS\lpcopen_lpc4337\Debug\liblpcopen_lpc4337.a(sysinit.o)
 .debug_info    0x0000c7ed      0x506 C:\Users\Ian\Desktop\Firmata4CIAA_WS\lpcopen_lpc4337\Debug\liblpcopen_lpc4337.a(timer_18xx_43xx.o)
 .debug_info    0x0000ccf3     0x109c C:\Users\Ian\Desktop\Firmata4CIAA_WS\lpcopen_lpc4337\Debug\liblpcopen_lpc4337.a(uart_18xx_43xx.o)
 .debug_info    0x0000dd8f     0x1797 C:\Users\Ian\Desktop\Firmata4CIAA_WS\lpcopen_lpc4337\Debug\liblpcopen_lpc4337.a(board.o)
 .debug_info    0x0000f526      0xb6e C:\Users\Ian\Desktop\Firmata4CIAA_WS\lpcopen_lpc4337\Debug\liblpcopen_lpc4337.a(board_sysinit.o)
 .debug_info    0x00010094      0x13e C:\Users\Ian\Desktop\Firmata4CIAA_WS\lpcopen_lpc4337\Debug\liblpcopen_lpc4337.a(fpu_init.o)
 .debug_info    0x000101d2      0x6f0 C:\Users\Ian\Desktop\Firmata4CIAA_WS\lpcopen_lpc4337\Debug\liblpcopen_lpc4337.a(sysinit_18xx_43xx.o)

.debug_abbrev   0x00000000     0x2c06
 .debug_abbrev  0x00000000      0x179 ./src/FIRMATA.o
 .debug_abbrev  0x00000179      0x2ce ./src/HAL.o
 .debug_abbrev  0x00000447      0x1de ./src/SERVO_DRIVER.o
 .debug_abbrev  0x00000625      0x234 ./src/TIMER_DRIVER.o
 .debug_abbrev  0x00000859      0x28d ./src/UART_DRIVER.o
 .debug_abbrev  0x00000ae6       0x6c ./src/main.o
 .debug_abbrev  0x00000b52      0x1d7 C:\Users\Ian\Desktop\Firmata4CIAA_WS\freertos_lpc43xx\Debug\libfreertos_lpc43xx.a(queue.o)
 .debug_abbrev  0x00000d29      0x226 C:\Users\Ian\Desktop\Firmata4CIAA_WS\freertos_lpc43xx\Debug\libfreertos_lpc43xx.a(tasks.o)
 .debug_abbrev  0x00000f4f      0x111 C:\Users\Ian\Desktop\Firmata4CIAA_WS\freertos_lpc43xx\Debug\libfreertos_lpc43xx.a(FreeRTOSCommonHooks.o)
 .debug_abbrev  0x00001060      0x1ae C:\Users\Ian\Desktop\Firmata4CIAA_WS\freertos_lpc43xx\Debug\libfreertos_lpc43xx.a(heap_2.o)
 .debug_abbrev  0x0000120e       0xdb C:\Users\Ian\Desktop\Firmata4CIAA_WS\freertos_lpc43xx\Debug\libfreertos_lpc43xx.a(list.o)
 .debug_abbrev  0x000012e9      0x1d6 C:\Users\Ian\Desktop\Firmata4CIAA_WS\freertos_lpc43xx\Debug\libfreertos_lpc43xx.a(port.o)
 .debug_abbrev  0x000014bf      0x1b2 C:\Users\Ian\Desktop\Firmata4CIAA_WS\lpcopen_lpc4337\Debug\liblpcopen_lpc4337.a(adc_18xx_43xx.o)
 .debug_abbrev  0x00001671      0x148 C:\Users\Ian\Desktop\Firmata4CIAA_WS\lpcopen_lpc4337\Debug\liblpcopen_lpc4337.a(chip_18xx_43xx.o)
 .debug_abbrev  0x000017b9      0x2a1 C:\Users\Ian\Desktop\Firmata4CIAA_WS\lpcopen_lpc4337\Debug\liblpcopen_lpc4337.a(clock_18xx_43xx.o)
 .debug_abbrev  0x00001a5a       0xfe C:\Users\Ian\Desktop\Firmata4CIAA_WS\lpcopen_lpc4337\Debug\liblpcopen_lpc4337.a(cr_startup_lpc43xx.o)
 .debug_abbrev  0x00001b58      0x111 C:\Users\Ian\Desktop\Firmata4CIAA_WS\lpcopen_lpc4337\Debug\liblpcopen_lpc4337.a(gpio_18xx_43xx.o)
 .debug_abbrev  0x00001c69      0x11a C:\Users\Ian\Desktop\Firmata4CIAA_WS\lpcopen_lpc4337\Debug\liblpcopen_lpc4337.a(rgu_18xx_43xx.o)
 .debug_abbrev  0x00001d83      0x190 C:\Users\Ian\Desktop\Firmata4CIAA_WS\lpcopen_lpc4337\Debug\liblpcopen_lpc4337.a(sct_18xx_43xx.o)
 .debug_abbrev  0x00001f13      0x1f8 C:\Users\Ian\Desktop\Firmata4CIAA_WS\lpcopen_lpc4337\Debug\liblpcopen_lpc4337.a(sct_pwm_18xx_43xx.o)
 .debug_abbrev  0x0000210b       0x9c C:\Users\Ian\Desktop\Firmata4CIAA_WS\lpcopen_lpc4337\Debug\liblpcopen_lpc4337.a(sysinit.o)
 .debug_abbrev  0x000021a7      0x14e C:\Users\Ian\Desktop\Firmata4CIAA_WS\lpcopen_lpc4337\Debug\liblpcopen_lpc4337.a(timer_18xx_43xx.o)
 .debug_abbrev  0x000022f5      0x2ac C:\Users\Ian\Desktop\Firmata4CIAA_WS\lpcopen_lpc4337\Debug\liblpcopen_lpc4337.a(uart_18xx_43xx.o)
 .debug_abbrev  0x000025a1      0x327 C:\Users\Ian\Desktop\Firmata4CIAA_WS\lpcopen_lpc4337\Debug\liblpcopen_lpc4337.a(board.o)
 .debug_abbrev  0x000028c8      0x18d C:\Users\Ian\Desktop\Firmata4CIAA_WS\lpcopen_lpc4337\Debug\liblpcopen_lpc4337.a(board_sysinit.o)
 .debug_abbrev  0x00002a55       0x84 C:\Users\Ian\Desktop\Firmata4CIAA_WS\lpcopen_lpc4337\Debug\liblpcopen_lpc4337.a(fpu_init.o)
 .debug_abbrev  0x00002ad9      0x12d C:\Users\Ian\Desktop\Firmata4CIAA_WS\lpcopen_lpc4337\Debug\liblpcopen_lpc4337.a(sysinit_18xx_43xx.o)

.debug_aranges  0x00000000      0xe30
 .debug_aranges
                0x00000000       0x80 ./src/FIRMATA.o
 .debug_aranges
                0x00000080       0xe8 ./src/HAL.o
 .debug_aranges
                0x00000168       0xb8 ./src/SERVO_DRIVER.o
 .debug_aranges
                0x00000220       0xd8 ./src/TIMER_DRIVER.o
 .debug_aranges
                0x000002f8       0xb0 ./src/UART_DRIVER.o
 .debug_aranges
                0x000003a8       0x20 ./src/main.o
 .debug_aranges
                0x000003c8       0xd8 C:\Users\Ian\Desktop\Firmata4CIAA_WS\freertos_lpc43xx\Debug\libfreertos_lpc43xx.a(queue.o)
 .debug_aranges
                0x000004a0      0x148 C:\Users\Ian\Desktop\Firmata4CIAA_WS\freertos_lpc43xx\Debug\libfreertos_lpc43xx.a(tasks.o)
 .debug_aranges
                0x000005e8       0x40 C:\Users\Ian\Desktop\Firmata4CIAA_WS\freertos_lpc43xx\Debug\libfreertos_lpc43xx.a(FreeRTOSCommonHooks.o)
 .debug_aranges
                0x00000628       0x40 C:\Users\Ian\Desktop\Firmata4CIAA_WS\freertos_lpc43xx\Debug\libfreertos_lpc43xx.a(heap_2.o)
 .debug_aranges
                0x00000668       0x40 C:\Users\Ian\Desktop\Firmata4CIAA_WS\freertos_lpc43xx\Debug\libfreertos_lpc43xx.a(list.o)
 .debug_aranges
                0x000006a8       0x98 C:\Users\Ian\Desktop\Firmata4CIAA_WS\freertos_lpc43xx\Debug\libfreertos_lpc43xx.a(port.o)
 .debug_aranges
                0x00000740       0x98 C:\Users\Ian\Desktop\Firmata4CIAA_WS\lpcopen_lpc4337\Debug\liblpcopen_lpc4337.a(adc_18xx_43xx.o)
 .debug_aranges
                0x000007d8       0x40 C:\Users\Ian\Desktop\Firmata4CIAA_WS\lpcopen_lpc4337\Debug\liblpcopen_lpc4337.a(chip_18xx_43xx.o)
 .debug_aranges
                0x00000818      0x128 C:\Users\Ian\Desktop\Firmata4CIAA_WS\lpcopen_lpc4337\Debug\liblpcopen_lpc4337.a(clock_18xx_43xx.o)
 .debug_aranges
                0x00000940       0x70 C:\Users\Ian\Desktop\Firmata4CIAA_WS\lpcopen_lpc4337\Debug\liblpcopen_lpc4337.a(cr_startup_lpc43xx.o)
 .debug_aranges
                0x000009b0       0x68 C:\Users\Ian\Desktop\Firmata4CIAA_WS\lpcopen_lpc4337\Debug\liblpcopen_lpc4337.a(gpio_18xx_43xx.o)
 .debug_aranges
                0x00000a18       0x30 C:\Users\Ian\Desktop\Firmata4CIAA_WS\lpcopen_lpc4337\Debug\liblpcopen_lpc4337.a(rgu_18xx_43xx.o)
 .debug_aranges
                0x00000a48       0x38 C:\Users\Ian\Desktop\Firmata4CIAA_WS\lpcopen_lpc4337\Debug\liblpcopen_lpc4337.a(sct_18xx_43xx.o)
 .debug_aranges
                0x00000a80       0x50 C:\Users\Ian\Desktop\Firmata4CIAA_WS\lpcopen_lpc4337\Debug\liblpcopen_lpc4337.a(sct_pwm_18xx_43xx.o)
 .debug_aranges
                0x00000ad0       0x20 C:\Users\Ian\Desktop\Firmata4CIAA_WS\lpcopen_lpc4337\Debug\liblpcopen_lpc4337.a(sysinit.o)
 .debug_aranges
                0x00000af0       0x40 C:\Users\Ian\Desktop\Firmata4CIAA_WS\lpcopen_lpc4337\Debug\liblpcopen_lpc4337.a(timer_18xx_43xx.o)
 .debug_aranges
                0x00000b30      0x118 C:\Users\Ian\Desktop\Firmata4CIAA_WS\lpcopen_lpc4337\Debug\liblpcopen_lpc4337.a(uart_18xx_43xx.o)
 .debug_aranges
                0x00000c48      0x150 C:\Users\Ian\Desktop\Firmata4CIAA_WS\lpcopen_lpc4337\Debug\liblpcopen_lpc4337.a(board.o)
 .debug_aranges
                0x00000d98       0x40 C:\Users\Ian\Desktop\Firmata4CIAA_WS\lpcopen_lpc4337\Debug\liblpcopen_lpc4337.a(board_sysinit.o)
 .debug_aranges
                0x00000dd8       0x20 C:\Users\Ian\Desktop\Firmata4CIAA_WS\lpcopen_lpc4337\Debug\liblpcopen_lpc4337.a(fpu_init.o)
 .debug_aranges
                0x00000df8       0x38 C:\Users\Ian\Desktop\Firmata4CIAA_WS\lpcopen_lpc4337\Debug\liblpcopen_lpc4337.a(sysinit_18xx_43xx.o)

.debug_ranges   0x00000000      0xc80
 .debug_ranges  0x00000000       0x70 ./src/FIRMATA.o
 .debug_ranges  0x00000070       0xd8 ./src/HAL.o
 .debug_ranges  0x00000148       0xa8 ./src/SERVO_DRIVER.o
 .debug_ranges  0x000001f0       0xc8 ./src/TIMER_DRIVER.o
 .debug_ranges  0x000002b8       0xa0 ./src/UART_DRIVER.o
 .debug_ranges  0x00000358       0x10 ./src/main.o
 .debug_ranges  0x00000368       0xc8 C:\Users\Ian\Desktop\Firmata4CIAA_WS\freertos_lpc43xx\Debug\libfreertos_lpc43xx.a(queue.o)
 .debug_ranges  0x00000430      0x138 C:\Users\Ian\Desktop\Firmata4CIAA_WS\freertos_lpc43xx\Debug\libfreertos_lpc43xx.a(tasks.o)
 .debug_ranges  0x00000568       0x30 C:\Users\Ian\Desktop\Firmata4CIAA_WS\freertos_lpc43xx\Debug\libfreertos_lpc43xx.a(FreeRTOSCommonHooks.o)
 .debug_ranges  0x00000598       0x30 C:\Users\Ian\Desktop\Firmata4CIAA_WS\freertos_lpc43xx\Debug\libfreertos_lpc43xx.a(heap_2.o)
 .debug_ranges  0x000005c8       0x30 C:\Users\Ian\Desktop\Firmata4CIAA_WS\freertos_lpc43xx\Debug\libfreertos_lpc43xx.a(list.o)
 .debug_ranges  0x000005f8       0x88 C:\Users\Ian\Desktop\Firmata4CIAA_WS\freertos_lpc43xx\Debug\libfreertos_lpc43xx.a(port.o)
 .debug_ranges  0x00000680       0x88 C:\Users\Ian\Desktop\Firmata4CIAA_WS\lpcopen_lpc4337\Debug\liblpcopen_lpc4337.a(adc_18xx_43xx.o)
 .debug_ranges  0x00000708       0x30 C:\Users\Ian\Desktop\Firmata4CIAA_WS\lpcopen_lpc4337\Debug\liblpcopen_lpc4337.a(chip_18xx_43xx.o)
 .debug_ranges  0x00000738      0x118 C:\Users\Ian\Desktop\Firmata4CIAA_WS\lpcopen_lpc4337\Debug\liblpcopen_lpc4337.a(clock_18xx_43xx.o)
 .debug_ranges  0x00000850       0x60 C:\Users\Ian\Desktop\Firmata4CIAA_WS\lpcopen_lpc4337\Debug\liblpcopen_lpc4337.a(cr_startup_lpc43xx.o)
 .debug_ranges  0x000008b0       0x58 C:\Users\Ian\Desktop\Firmata4CIAA_WS\lpcopen_lpc4337\Debug\liblpcopen_lpc4337.a(gpio_18xx_43xx.o)
 .debug_ranges  0x00000908       0x20 C:\Users\Ian\Desktop\Firmata4CIAA_WS\lpcopen_lpc4337\Debug\liblpcopen_lpc4337.a(rgu_18xx_43xx.o)
 .debug_ranges  0x00000928       0x28 C:\Users\Ian\Desktop\Firmata4CIAA_WS\lpcopen_lpc4337\Debug\liblpcopen_lpc4337.a(sct_18xx_43xx.o)
 .debug_ranges  0x00000950       0x40 C:\Users\Ian\Desktop\Firmata4CIAA_WS\lpcopen_lpc4337\Debug\liblpcopen_lpc4337.a(sct_pwm_18xx_43xx.o)
 .debug_ranges  0x00000990       0x10 C:\Users\Ian\Desktop\Firmata4CIAA_WS\lpcopen_lpc4337\Debug\liblpcopen_lpc4337.a(sysinit.o)
 .debug_ranges  0x000009a0       0x30 C:\Users\Ian\Desktop\Firmata4CIAA_WS\lpcopen_lpc4337\Debug\liblpcopen_lpc4337.a(timer_18xx_43xx.o)
 .debug_ranges  0x000009d0      0x108 C:\Users\Ian\Desktop\Firmata4CIAA_WS\lpcopen_lpc4337\Debug\liblpcopen_lpc4337.a(uart_18xx_43xx.o)
 .debug_ranges  0x00000ad8      0x140 C:\Users\Ian\Desktop\Firmata4CIAA_WS\lpcopen_lpc4337\Debug\liblpcopen_lpc4337.a(board.o)
 .debug_ranges  0x00000c18       0x30 C:\Users\Ian\Desktop\Firmata4CIAA_WS\lpcopen_lpc4337\Debug\liblpcopen_lpc4337.a(board_sysinit.o)
 .debug_ranges  0x00000c48       0x10 C:\Users\Ian\Desktop\Firmata4CIAA_WS\lpcopen_lpc4337\Debug\liblpcopen_lpc4337.a(fpu_init.o)
 .debug_ranges  0x00000c58       0x28 C:\Users\Ian\Desktop\Firmata4CIAA_WS\lpcopen_lpc4337\Debug\liblpcopen_lpc4337.a(sysinit_18xx_43xx.o)

.debug_macro    0x00000000     0xc532
 .debug_macro   0x00000000      0x598 ./src/FIRMATA.o
 .debug_macro   0x00000598      0x87a ./src/FIRMATA.o
 .debug_macro   0x00000e12       0x10 ./src/FIRMATA.o
 .debug_macro   0x00000e22       0x16 ./src/FIRMATA.o
 .debug_macro   0x00000e38       0x44 ./src/FIRMATA.o
 .debug_macro   0x00000e7c      0x209 ./src/FIRMATA.o
 .debug_macro   0x00001085       0x22 ./src/FIRMATA.o
 .debug_macro   0x000010a7       0x7b ./src/FIRMATA.o
 .debug_macro   0x00001122       0x28 ./src/FIRMATA.o
 .debug_macro   0x0000114a       0x3b ./src/FIRMATA.o
 .debug_macro   0x00001185       0x2d ./src/FIRMATA.o
 .debug_macro   0x000011b2       0x42 ./src/FIRMATA.o
 .debug_macro   0x000011f4      0xd39 ./src/FIRMATA.o
 .debug_macro   0x00001f2d      0x2bc ./src/FIRMATA.o
 .debug_macro   0x000021e9      0x112 ./src/FIRMATA.o
 .debug_macro   0x000022fb       0x11 ./src/FIRMATA.o
 .debug_macro   0x0000230c       0x1e ./src/FIRMATA.o
 .debug_macro   0x0000232a       0x16 ./src/FIRMATA.o
 .debug_macro   0x00002340      0x2e6 ./src/FIRMATA.o
 .debug_macro   0x00002626       0x82 ./src/FIRMATA.o
 .debug_macro   0x000026a8      0x13d ./src/FIRMATA.o
 .debug_macro   0x000027e5      0x198 ./src/FIRMATA.o
 .debug_macro   0x0000297d       0x34 ./src/FIRMATA.o
 .debug_macro   0x000029b1       0x58 ./src/FIRMATA.o
 .debug_macro   0x00002a09      0x236 ./src/FIRMATA.o
 .debug_macro   0x00002c3f      0x572 ./src/FIRMATA.o
 .debug_macro   0x000031b1       0x16 ./src/FIRMATA.o
 .debug_macro   0x000031c7      0x18a ./src/FIRMATA.o
 .debug_macro   0x00003351       0x88 ./src/FIRMATA.o
 .debug_macro   0x000033d9      0x1b9 ./src/FIRMATA.o
 .debug_macro   0x00003592      0x1da ./src/FIRMATA.o
 .debug_macro   0x0000376c       0x40 ./src/FIRMATA.o
 .debug_macro   0x000037ac       0x1c ./src/FIRMATA.o
 .debug_macro   0x000037c8       0x2e ./src/FIRMATA.o
 .debug_macro   0x000037f6       0x2e ./src/FIRMATA.o
 .debug_macro   0x00003824       0x22 ./src/FIRMATA.o
 .debug_macro   0x00003846      0x201 ./src/FIRMATA.o
 .debug_macro   0x00003a47       0xe0 ./src/FIRMATA.o
 .debug_macro   0x00003b27      0x34c ./src/FIRMATA.o
 .debug_macro   0x00003e73       0xdc ./src/FIRMATA.o
 .debug_macro   0x00003f4f       0x94 ./src/FIRMATA.o
 .debug_macro   0x00003fe3       0xb8 ./src/FIRMATA.o
 .debug_macro   0x0000409b       0x4c ./src/FIRMATA.o
 .debug_macro   0x000040e7       0x16 ./src/FIRMATA.o
 .debug_macro   0x000040fd      0x328 ./src/FIRMATA.o
 .debug_macro   0x00004425       0x3a ./src/FIRMATA.o
 .debug_macro   0x0000445f       0xd0 ./src/FIRMATA.o
 .debug_macro   0x0000452f       0x18 ./src/FIRMATA.o
 .debug_macro   0x00004547       0x22 ./src/FIRMATA.o
 .debug_macro   0x00004569       0x40 ./src/FIRMATA.o
 .debug_macro   0x000045a9       0x76 ./src/FIRMATA.o
 .debug_macro   0x0000461f       0x58 ./src/FIRMATA.o
 .debug_macro   0x00004677       0x35 ./src/FIRMATA.o
 .debug_macro   0x000046ac       0xa3 ./src/FIRMATA.o
 .debug_macro   0x0000474f       0x16 ./src/FIRMATA.o
 .debug_macro   0x00004765       0x97 ./src/FIRMATA.o
 .debug_macro   0x000047fc       0x10 ./src/FIRMATA.o
 .debug_macro   0x0000480c       0xf6 ./src/FIRMATA.o
 .debug_macro   0x00004902       0x52 ./src/FIRMATA.o
 .debug_macro   0x00004954       0x16 ./src/FIRMATA.o
 .debug_macro   0x0000496a       0x43 ./src/FIRMATA.o
 .debug_macro   0x000049ad      0x180 ./src/FIRMATA.o
 .debug_macro   0x00004b2d       0x10 ./src/FIRMATA.o
 .debug_macro   0x00004b3d       0x22 ./src/FIRMATA.o
 .debug_macro   0x00004b5f       0xbd ./src/FIRMATA.o
 .debug_macro   0x00004c1c       0x16 ./src/FIRMATA.o
 .debug_macro   0x00004c32      0x16c ./src/FIRMATA.o
 .debug_macro   0x00004d9e       0x20 ./src/FIRMATA.o
 .debug_macro   0x00004dbe       0x28 ./src/FIRMATA.o
 .debug_macro   0x00004de6      0x124 ./src/FIRMATA.o
 .debug_macro   0x00004f0a      0x283 ./src/FIRMATA.o
 .debug_macro   0x0000518d       0x10 ./src/FIRMATA.o
 .debug_macro   0x0000519d       0x35 ./src/FIRMATA.o
 .debug_macro   0x000051d2       0x1f ./src/FIRMATA.o
 .debug_macro   0x000051f1       0x16 ./src/FIRMATA.o
 .debug_macro   0x00005207       0x16 ./src/FIRMATA.o
 .debug_macro   0x0000521d       0x29 ./src/FIRMATA.o
 .debug_macro   0x00005246       0x40 ./src/FIRMATA.o
 .debug_macro   0x00005286      0x10e ./src/FIRMATA.o
 .debug_macro   0x00005394       0xb6 ./src/FIRMATA.o
 .debug_macro   0x0000544a       0x12 ./src/FIRMATA.o
 .debug_macro   0x0000545c       0x1f ./src/FIRMATA.o
 .debug_macro   0x0000547b      0x345 ./src/FIRMATA.o
 .debug_macro   0x000057c0       0x79 ./src/FIRMATA.o
 .debug_macro   0x00005839       0x69 ./src/FIRMATA.o
 .debug_macro   0x000058a2       0xb0 ./src/FIRMATA.o
 .debug_macro   0x00005952      0x12a ./src/FIRMATA.o
 .debug_macro   0x00005a7c      0x568 ./src/HAL.o
 .debug_macro   0x00005fe4      0x507 ./src/SERVO_DRIVER.o
 .debug_macro   0x000064eb       0x3a ./src/SERVO_DRIVER.o
 .debug_macro   0x00006525      0x4e2 ./src/TIMER_DRIVER.o
 .debug_macro   0x00006a07      0x4e3 ./src/UART_DRIVER.o
 .debug_macro   0x00006eea      0x4f4 ./src/main.o
 .debug_macro   0x000073de      0x463 C:\Users\Ian\Desktop\Firmata4CIAA_WS\freertos_lpc43xx\Debug\libfreertos_lpc43xx.a(queue.o)
 .debug_macro   0x00007841      0x86e C:\Users\Ian\Desktop\Firmata4CIAA_WS\freertos_lpc43xx\Debug\libfreertos_lpc43xx.a(queue.o)
 .debug_macro   0x000080af      0x10e C:\Users\Ian\Desktop\Firmata4CIAA_WS\freertos_lpc43xx\Debug\libfreertos_lpc43xx.a(queue.o)
 .debug_macro   0x000081bd       0x86 C:\Users\Ian\Desktop\Firmata4CIAA_WS\freertos_lpc43xx\Debug\libfreertos_lpc43xx.a(queue.o)
 .debug_macro   0x00008243       0x4a C:\Users\Ian\Desktop\Firmata4CIAA_WS\freertos_lpc43xx\Debug\libfreertos_lpc43xx.a(queue.o)
 .debug_macro   0x0000828d      0x20f C:\Users\Ian\Desktop\Firmata4CIAA_WS\freertos_lpc43xx\Debug\libfreertos_lpc43xx.a(queue.o)
 .debug_macro   0x0000849c       0x74 C:\Users\Ian\Desktop\Firmata4CIAA_WS\freertos_lpc43xx\Debug\libfreertos_lpc43xx.a(queue.o)
 .debug_macro   0x00008510       0x11 C:\Users\Ian\Desktop\Firmata4CIAA_WS\freertos_lpc43xx\Debug\libfreertos_lpc43xx.a(queue.o)
 .debug_macro   0x00008521      0x4a6 C:\Users\Ian\Desktop\Firmata4CIAA_WS\freertos_lpc43xx\Debug\libfreertos_lpc43xx.a(tasks.o)
 .debug_macro   0x000089c7       0x91 C:\Users\Ian\Desktop\Firmata4CIAA_WS\freertos_lpc43xx\Debug\libfreertos_lpc43xx.a(tasks.o)
 .debug_macro   0x00008a58       0x17 C:\Users\Ian\Desktop\Firmata4CIAA_WS\freertos_lpc43xx\Debug\libfreertos_lpc43xx.a(tasks.o)
 .debug_macro   0x00008a6f      0x455 C:\Users\Ian\Desktop\Firmata4CIAA_WS\freertos_lpc43xx\Debug\libfreertos_lpc43xx.a(FreeRTOSCommonHooks.o)
 .debug_macro   0x00008ec4      0x16d C:\Users\Ian\Desktop\Firmata4CIAA_WS\freertos_lpc43xx\Debug\libfreertos_lpc43xx.a(FreeRTOSCommonHooks.o)
 .debug_macro   0x00009031      0x411 C:\Users\Ian\Desktop\Firmata4CIAA_WS\freertos_lpc43xx\Debug\libfreertos_lpc43xx.a(heap_2.o)
 .debug_macro   0x00009442      0x3d3 C:\Users\Ian\Desktop\Firmata4CIAA_WS\freertos_lpc43xx\Debug\libfreertos_lpc43xx.a(list.o)
 .debug_macro   0x00009815      0x3f0 C:\Users\Ian\Desktop\Firmata4CIAA_WS\freertos_lpc43xx\Debug\libfreertos_lpc43xx.a(port.o)
 .debug_macro   0x00009c05      0x2d6 C:\Users\Ian\Desktop\Firmata4CIAA_WS\lpcopen_lpc4337\Debug\liblpcopen_lpc4337.a(adc_18xx_43xx.o)
 .debug_macro   0x00009edb      0x2d6 C:\Users\Ian\Desktop\Firmata4CIAA_WS\lpcopen_lpc4337\Debug\liblpcopen_lpc4337.a(chip_18xx_43xx.o)
 .debug_macro   0x0000a1b1      0x2dc C:\Users\Ian\Desktop\Firmata4CIAA_WS\lpcopen_lpc4337\Debug\liblpcopen_lpc4337.a(clock_18xx_43xx.o)
 .debug_macro   0x0000a48d       0x24 C:\Users\Ian\Desktop\Firmata4CIAA_WS\lpcopen_lpc4337\Debug\liblpcopen_lpc4337.a(cr_startup_lpc43xx.o)
 .debug_macro   0x0000a4b1      0x2d6 C:\Users\Ian\Desktop\Firmata4CIAA_WS\lpcopen_lpc4337\Debug\liblpcopen_lpc4337.a(gpio_18xx_43xx.o)
 .debug_macro   0x0000a787      0x2d6 C:\Users\Ian\Desktop\Firmata4CIAA_WS\lpcopen_lpc4337\Debug\liblpcopen_lpc4337.a(rgu_18xx_43xx.o)
 .debug_macro   0x0000aa5d      0x2d6 C:\Users\Ian\Desktop\Firmata4CIAA_WS\lpcopen_lpc4337\Debug\liblpcopen_lpc4337.a(sct_18xx_43xx.o)
 .debug_macro   0x0000ad33      0x2d6 C:\Users\Ian\Desktop\Firmata4CIAA_WS\lpcopen_lpc4337\Debug\liblpcopen_lpc4337.a(sct_pwm_18xx_43xx.o)
 .debug_macro   0x0000b009      0x3db C:\Users\Ian\Desktop\Firmata4CIAA_WS\lpcopen_lpc4337\Debug\liblpcopen_lpc4337.a(sysinit.o)
 .debug_macro   0x0000b3e4      0x2d6 C:\Users\Ian\Desktop\Firmata4CIAA_WS\lpcopen_lpc4337\Debug\liblpcopen_lpc4337.a(timer_18xx_43xx.o)
 .debug_macro   0x0000b6ba      0x2d6 C:\Users\Ian\Desktop\Firmata4CIAA_WS\lpcopen_lpc4337\Debug\liblpcopen_lpc4337.a(uart_18xx_43xx.o)
 .debug_macro   0x0000b990      0x419 C:\Users\Ian\Desktop\Firmata4CIAA_WS\lpcopen_lpc4337\Debug\liblpcopen_lpc4337.a(board.o)
 .debug_macro   0x0000bda9       0x12 C:\Users\Ian\Desktop\Firmata4CIAA_WS\lpcopen_lpc4337\Debug\liblpcopen_lpc4337.a(board.o)
 .debug_macro   0x0000bdbb      0x3db C:\Users\Ian\Desktop\Firmata4CIAA_WS\lpcopen_lpc4337\Debug\liblpcopen_lpc4337.a(board_sysinit.o)
 .debug_macro   0x0000c196       0xc6 C:\Users\Ian\Desktop\Firmata4CIAA_WS\lpcopen_lpc4337\Debug\liblpcopen_lpc4337.a(fpu_init.o)
 .debug_macro   0x0000c25c      0x2d6 C:\Users\Ian\Desktop\Firmata4CIAA_WS\lpcopen_lpc4337\Debug\liblpcopen_lpc4337.a(sysinit_18xx_43xx.o)

.debug_line     0x00000000     0xdf50
 .debug_line    0x00000000      0xa73 ./src/FIRMATA.o
 .debug_line    0x00000a73      0xb21 ./src/HAL.o
 .debug_line    0x00001594      0xa78 ./src/SERVO_DRIVER.o
 .debug_line    0x0000200c      0xac9 ./src/TIMER_DRIVER.o
 .debug_line    0x00002ad5      0xa46 ./src/UART_DRIVER.o
 .debug_line    0x0000351b      0x8ca ./src/main.o
 .debug_line    0x00003de5      0xc8c C:\Users\Ian\Desktop\Firmata4CIAA_WS\freertos_lpc43xx\Debug\libfreertos_lpc43xx.a(queue.o)
 .debug_line    0x00004a71      0xf0d C:\Users\Ian\Desktop\Firmata4CIAA_WS\freertos_lpc43xx\Debug\libfreertos_lpc43xx.a(tasks.o)
 .debug_line    0x0000597e      0x82d C:\Users\Ian\Desktop\Firmata4CIAA_WS\freertos_lpc43xx\Debug\libfreertos_lpc43xx.a(FreeRTOSCommonHooks.o)
 .debug_line    0x000061ab      0x813 C:\Users\Ian\Desktop\Firmata4CIAA_WS\freertos_lpc43xx\Debug\libfreertos_lpc43xx.a(heap_2.o)
 .debug_line    0x000069be      0x7cc C:\Users\Ian\Desktop\Firmata4CIAA_WS\freertos_lpc43xx\Debug\libfreertos_lpc43xx.a(list.o)
 .debug_line    0x0000718a      0x859 C:\Users\Ian\Desktop\Firmata4CIAA_WS\freertos_lpc43xx\Debug\libfreertos_lpc43xx.a(port.o)
 .debug_line    0x000079e3      0x781 C:\Users\Ian\Desktop\Firmata4CIAA_WS\lpcopen_lpc4337\Debug\liblpcopen_lpc4337.a(adc_18xx_43xx.o)
 .debug_line    0x00008164      0x699 C:\Users\Ian\Desktop\Firmata4CIAA_WS\lpcopen_lpc4337\Debug\liblpcopen_lpc4337.a(chip_18xx_43xx.o)
 .debug_line    0x000087fd      0x9a3 C:\Users\Ian\Desktop\Firmata4CIAA_WS\lpcopen_lpc4337\Debug\liblpcopen_lpc4337.a(clock_18xx_43xx.o)
 .debug_line    0x000091a0       0xf4 C:\Users\Ian\Desktop\Firmata4CIAA_WS\lpcopen_lpc4337\Debug\liblpcopen_lpc4337.a(cr_startup_lpc43xx.o)
 .debug_line    0x00009294      0x6ea C:\Users\Ian\Desktop\Firmata4CIAA_WS\lpcopen_lpc4337\Debug\liblpcopen_lpc4337.a(gpio_18xx_43xx.o)
 .debug_line    0x0000997e      0x65d C:\Users\Ian\Desktop\Firmata4CIAA_WS\lpcopen_lpc4337\Debug\liblpcopen_lpc4337.a(rgu_18xx_43xx.o)
 .debug_line    0x00009fdb      0x66e C:\Users\Ian\Desktop\Firmata4CIAA_WS\lpcopen_lpc4337\Debug\liblpcopen_lpc4337.a(sct_18xx_43xx.o)
 .debug_line    0x0000a649      0x6ba C:\Users\Ian\Desktop\Firmata4CIAA_WS\lpcopen_lpc4337\Debug\liblpcopen_lpc4337.a(sct_pwm_18xx_43xx.o)
 .debug_line    0x0000ad03      0x706 C:\Users\Ian\Desktop\Firmata4CIAA_WS\lpcopen_lpc4337\Debug\liblpcopen_lpc4337.a(sysinit.o)
 .debug_line    0x0000b409      0x694 C:\Users\Ian\Desktop\Firmata4CIAA_WS\lpcopen_lpc4337\Debug\liblpcopen_lpc4337.a(timer_18xx_43xx.o)
 .debug_line    0x0000ba9d      0x974 C:\Users\Ian\Desktop\Firmata4CIAA_WS\lpcopen_lpc4337\Debug\liblpcopen_lpc4337.a(uart_18xx_43xx.o)
 .debug_line    0x0000c411      0xad9 C:\Users\Ian\Desktop\Firmata4CIAA_WS\lpcopen_lpc4337\Debug\liblpcopen_lpc4337.a(board.o)
 .debug_line    0x0000ceea      0x781 C:\Users\Ian\Desktop\Firmata4CIAA_WS\lpcopen_lpc4337\Debug\liblpcopen_lpc4337.a(board_sysinit.o)
 .debug_line    0x0000d66b      0x25d C:\Users\Ian\Desktop\Firmata4CIAA_WS\lpcopen_lpc4337\Debug\liblpcopen_lpc4337.a(fpu_init.o)
 .debug_line    0x0000d8c8      0x688 C:\Users\Ian\Desktop\Firmata4CIAA_WS\lpcopen_lpc4337\Debug\liblpcopen_lpc4337.a(sysinit_18xx_43xx.o)

.debug_str      0x00000000    0x21486
 .debug_str     0x00000000    0x1b970 ./src/FIRMATA.o
                              0x1bbef (size before relaxing)
 .debug_str     0x0001b970      0x7f2 ./src/HAL.o
                              0x1bffa (size before relaxing)
 .debug_str     0x0001c162      0x38e ./src/SERVO_DRIVER.o
                              0x1bae3 (size before relaxing)
 .debug_str     0x0001c4f0      0x693 ./src/TIMER_DRIVER.o
                              0x1bcf1 (size before relaxing)
 .debug_str     0x0001cb83      0x212 ./src/UART_DRIVER.o
                              0x1bc68 (size before relaxing)
 .debug_str     0x0001cd95       0x13 ./src/main.o
                              0x1ad43 (size before relaxing)
 .debug_str     0x0001cda8      0x77e C:\Users\Ian\Desktop\Firmata4CIAA_WS\freertos_lpc43xx\Debug\libfreertos_lpc43xx.a(queue.o)
                              0x1a95d (size before relaxing)
 .debug_str     0x0001d526     0x17a7 C:\Users\Ian\Desktop\Firmata4CIAA_WS\freertos_lpc43xx\Debug\libfreertos_lpc43xx.a(tasks.o)
                              0x1b0e5 (size before relaxing)
 .debug_str     0x0001eccd       0xad C:\Users\Ian\Desktop\Firmata4CIAA_WS\freertos_lpc43xx\Debug\libfreertos_lpc43xx.a(FreeRTOSCommonHooks.o)
                              0x191b5 (size before relaxing)
 .debug_str     0x0001ed7a      0x34a C:\Users\Ian\Desktop\Firmata4CIAA_WS\freertos_lpc43xx\Debug\libfreertos_lpc43xx.a(heap_2.o)
                              0x18cc2 (size before relaxing)
 .debug_str     0x0001f0c4       0x97 C:\Users\Ian\Desktop\Firmata4CIAA_WS\freertos_lpc43xx\Debug\libfreertos_lpc43xx.a(list.o)
                              0x17c34 (size before relaxing)
 .debug_str     0x0001f15b      0x73f C:\Users\Ian\Desktop\Firmata4CIAA_WS\freertos_lpc43xx\Debug\libfreertos_lpc43xx.a(port.o)
                              0x17cd2 (size before relaxing)
 .debug_str     0x0001f89a      0x2bc C:\Users\Ian\Desktop\Firmata4CIAA_WS\lpcopen_lpc4337\Debug\liblpcopen_lpc4337.a(adc_18xx_43xx.o)
                              0x14855 (size before relaxing)
 .debug_str     0x0001fb56      0x253 C:\Users\Ian\Desktop\Firmata4CIAA_WS\lpcopen_lpc4337\Debug\liblpcopen_lpc4337.a(chip_18xx_43xx.o)
                              0x14d32 (size before relaxing)
 .debug_str     0x0001fda9      0x5ee C:\Users\Ian\Desktop\Firmata4CIAA_WS\lpcopen_lpc4337\Debug\liblpcopen_lpc4337.a(clock_18xx_43xx.o)
                              0x15285 (size before relaxing)
 .debug_str     0x00020397      0x1d2 C:\Users\Ian\Desktop\Firmata4CIAA_WS\lpcopen_lpc4337\Debug\liblpcopen_lpc4337.a(cr_startup_lpc43xx.o)
                               0x2670 (size before relaxing)
 .debug_str     0x00020569      0x108 C:\Users\Ian\Desktop\Firmata4CIAA_WS\lpcopen_lpc4337\Debug\liblpcopen_lpc4337.a(gpio_18xx_43xx.o)
                              0x14134 (size before relaxing)
 .debug_str     0x00020671      0x105 C:\Users\Ian\Desktop\Firmata4CIAA_WS\lpcopen_lpc4337\Debug\liblpcopen_lpc4337.a(rgu_18xx_43xx.o)
                              0x143a9 (size before relaxing)
 .debug_str     0x00020776       0x72 C:\Users\Ian\Desktop\Firmata4CIAA_WS\lpcopen_lpc4337\Debug\liblpcopen_lpc4337.a(sct_18xx_43xx.o)
                              0x14642 (size before relaxing)
 .debug_str     0x000207e8       0x91 C:\Users\Ian\Desktop\Firmata4CIAA_WS\lpcopen_lpc4337\Debug\liblpcopen_lpc4337.a(sct_pwm_18xx_43xx.o)
                              0x146ce (size before relaxing)
 .debug_str     0x00020879       0x1b C:\Users\Ian\Desktop\Firmata4CIAA_WS\lpcopen_lpc4337\Debug\liblpcopen_lpc4337.a(sysinit.o)
                              0x168fb (size before relaxing)
 .debug_str     0x00020894      0x131 C:\Users\Ian\Desktop\Firmata4CIAA_WS\lpcopen_lpc4337\Debug\liblpcopen_lpc4337.a(timer_18xx_43xx.o)
                              0x1452d (size before relaxing)
 .debug_str     0x000209c5      0x313 C:\Users\Ian\Desktop\Firmata4CIAA_WS\lpcopen_lpc4337\Debug\liblpcopen_lpc4337.a(uart_18xx_43xx.o)
                              0x14e60 (size before relaxing)
 .debug_str     0x00020cd8      0x5ab C:\Users\Ian\Desktop\Firmata4CIAA_WS\lpcopen_lpc4337\Debug\liblpcopen_lpc4337.a(board.o)
                              0x18afe (size before relaxing)
 .debug_str     0x00021283       0xd0 C:\Users\Ian\Desktop\Firmata4CIAA_WS\lpcopen_lpc4337\Debug\liblpcopen_lpc4337.a(board_sysinit.o)
                              0x176ba (size before relaxing)
 .debug_str     0x00021353       0xb5 C:\Users\Ian\Desktop\Firmata4CIAA_WS\lpcopen_lpc4337\Debug\liblpcopen_lpc4337.a(fpu_init.o)
                               0x8c27 (size before relaxing)
 .debug_str     0x00021408       0x7e C:\Users\Ian\Desktop\Firmata4CIAA_WS\lpcopen_lpc4337\Debug\liblpcopen_lpc4337.a(sysinit_18xx_43xx.o)
                              0x14bda (size before relaxing)

.comment        0x00000000       0x70
 .comment       0x00000000       0x70 ./src/FIRMATA.o
                                 0x71 (size before relaxing)
 .comment       0x00000000       0x71 ./src/HAL.o
 .comment       0x00000000       0x71 ./src/SERVO_DRIVER.o
 .comment       0x00000000       0x71 ./src/TIMER_DRIVER.o
 .comment       0x00000000       0x71 ./src/UART_DRIVER.o
 .comment       0x00000000       0x71 ./src/main.o
 .comment       0x00000000       0x71 C:\Users\Ian\Desktop\Firmata4CIAA_WS\freertos_lpc43xx\Debug\libfreertos_lpc43xx.a(queue.o)
 .comment       0x00000000       0x71 C:\Users\Ian\Desktop\Firmata4CIAA_WS\freertos_lpc43xx\Debug\libfreertos_lpc43xx.a(tasks.o)
 .comment       0x00000000       0x71 C:\Users\Ian\Desktop\Firmata4CIAA_WS\freertos_lpc43xx\Debug\libfreertos_lpc43xx.a(FreeRTOSCommonHooks.o)
 .comment       0x00000000       0x71 C:\Users\Ian\Desktop\Firmata4CIAA_WS\freertos_lpc43xx\Debug\libfreertos_lpc43xx.a(heap_2.o)
 .comment       0x00000000       0x71 C:\Users\Ian\Desktop\Firmata4CIAA_WS\freertos_lpc43xx\Debug\libfreertos_lpc43xx.a(list.o)
 .comment       0x00000000       0x71 C:\Users\Ian\Desktop\Firmata4CIAA_WS\freertos_lpc43xx\Debug\libfreertos_lpc43xx.a(port.o)
 .comment       0x00000000       0x71 C:\Users\Ian\Desktop\Firmata4CIAA_WS\lpcopen_lpc4337\Debug\liblpcopen_lpc4337.a(adc_18xx_43xx.o)
 .comment       0x00000000       0x71 C:\Users\Ian\Desktop\Firmata4CIAA_WS\lpcopen_lpc4337\Debug\liblpcopen_lpc4337.a(chip_18xx_43xx.o)
 .comment       0x00000000       0x71 C:\Users\Ian\Desktop\Firmata4CIAA_WS\lpcopen_lpc4337\Debug\liblpcopen_lpc4337.a(clock_18xx_43xx.o)
 .comment       0x00000000       0x71 C:\Users\Ian\Desktop\Firmata4CIAA_WS\lpcopen_lpc4337\Debug\liblpcopen_lpc4337.a(cr_startup_lpc43xx.o)
 .comment       0x00000000       0x71 C:\Users\Ian\Desktop\Firmata4CIAA_WS\lpcopen_lpc4337\Debug\liblpcopen_lpc4337.a(gpio_18xx_43xx.o)
 .comment       0x00000000       0x71 C:\Users\Ian\Desktop\Firmata4CIAA_WS\lpcopen_lpc4337\Debug\liblpcopen_lpc4337.a(rgu_18xx_43xx.o)
 .comment       0x00000000       0x71 C:\Users\Ian\Desktop\Firmata4CIAA_WS\lpcopen_lpc4337\Debug\liblpcopen_lpc4337.a(sct_18xx_43xx.o)
 .comment       0x00000000       0x71 C:\Users\Ian\Desktop\Firmata4CIAA_WS\lpcopen_lpc4337\Debug\liblpcopen_lpc4337.a(sct_pwm_18xx_43xx.o)
 .comment       0x00000000       0x71 C:\Users\Ian\Desktop\Firmata4CIAA_WS\lpcopen_lpc4337\Debug\liblpcopen_lpc4337.a(sysinit.o)
 .comment       0x00000000       0x71 C:\Users\Ian\Desktop\Firmata4CIAA_WS\lpcopen_lpc4337\Debug\liblpcopen_lpc4337.a(timer_18xx_43xx.o)
 .comment       0x00000000       0x71 C:\Users\Ian\Desktop\Firmata4CIAA_WS\lpcopen_lpc4337\Debug\liblpcopen_lpc4337.a(uart_18xx_43xx.o)
 .comment       0x00000000       0x71 C:\Users\Ian\Desktop\Firmata4CIAA_WS\lpcopen_lpc4337\Debug\liblpcopen_lpc4337.a(board.o)
 .comment       0x00000000       0x71 C:\Users\Ian\Desktop\Firmata4CIAA_WS\lpcopen_lpc4337\Debug\liblpcopen_lpc4337.a(board_sysinit.o)
 .comment       0x00000000       0x71 C:\Users\Ian\Desktop\Firmata4CIAA_WS\lpcopen_lpc4337\Debug\liblpcopen_lpc4337.a(fpu_init.o)
 .comment       0x00000000       0x71 C:\Users\Ian\Desktop\Firmata4CIAA_WS\lpcopen_lpc4337\Debug\liblpcopen_lpc4337.a(sysinit_18xx_43xx.o)

.ARM.attributes
                0x00000000       0x2e
 .ARM.attributes
                0x00000000       0x37 ./src/FIRMATA.o
 .ARM.attributes
                0x00000037       0x37 ./src/HAL.o
 .ARM.attributes
                0x0000006e       0x37 ./src/SERVO_DRIVER.o
 .ARM.attributes
                0x000000a5       0x37 ./src/TIMER_DRIVER.o
 .ARM.attributes
                0x000000dc       0x37 ./src/UART_DRIVER.o
 .ARM.attributes
                0x00000113       0x37 ./src/main.o
 .ARM.attributes
                0x0000014a       0x37 C:\Users\Ian\Desktop\Firmata4CIAA_WS\freertos_lpc43xx\Debug\libfreertos_lpc43xx.a(queue.o)
 .ARM.attributes
                0x00000181       0x37 C:\Users\Ian\Desktop\Firmata4CIAA_WS\freertos_lpc43xx\Debug\libfreertos_lpc43xx.a(tasks.o)
 .ARM.attributes
                0x000001b8       0x37 C:\Users\Ian\Desktop\Firmata4CIAA_WS\freertos_lpc43xx\Debug\libfreertos_lpc43xx.a(FreeRTOSCommonHooks.o)
 .ARM.attributes
                0x000001ef       0x37 C:\Users\Ian\Desktop\Firmata4CIAA_WS\freertos_lpc43xx\Debug\libfreertos_lpc43xx.a(heap_2.o)
 .ARM.attributes